<html>
<body>
<pre>
<h1>礦ision Build Log</h1>
<h2>Tool Versions:</h2>
IDE-Version: μVision V5.28.0.0
Copyright (C) 2019 ARM Ltd and ARM Germany GmbH. All rights reserved.
License Information: C cz, C, LIC=WHYH9-48QKA-01SP1-CK6IY-ENB07-S6ARZ
 
Tool Versions:
Toolchain:       MDK-ARM Plus  Version: 5.28.0.0
Toolchain Path:  D:\Keil_v5\ARM\ARMCC\Bin
C Compiler:      Armcc.exe V5.06 update 6 (build 750)
Assembler:       Armasm.exe V5.06 update 6 (build 750)
Linker/Locator:  ArmLink.exe V5.06 update 6 (build 750)
Library Manager: ArmAr.exe V5.06 update 6 (build 750)
Hex Converter:   FromElf.exe V5.06 update 6 (build 750)
CPU DLL:         SARMCM3.DLL V5.28.0.0
Dialog DLL:      DARMSTM.DLL V1.68.0.0
Target DLL:      STLink\ST-LINKIII-KEIL_SWO.dll V3.0.6.0
Dialog DLL:      TARMSTM.DLL V1.66.0.0
 
<h2>Project:</h2>
C:\Users\cz\Desktop\物联网基础项目\工房V2.0\物联网参考demo-设备端单片机详细代码\最终单片机程序\stm32f103.uvprojx
Project File Date:  10/14/2024

<h2>Output:</h2>
*** Using Compiler 'V5.06 update 6 (build 750)', folder: 'D:\Keil_v5\ARM\ARMCC\Bin'
Build target 'STM32F103'
compiling esp8266.c...
NET\device\src\esp8266.c(220): warning:  #223-D: function "OLED_Clear" declared implicitly
  	OLED_Clear(); OLED_ShowString(0,0,"1.AT...",8);
NET\device\src\esp8266.c(220): warning:  #223-D: function "OLED_ShowString" declared implicitly
  	OLED_Clear(); OLED_ShowString(0,0,"1.AT...",8);
NET\device\src\esp8266.c: 2 warnings, 0 errors
compiling onenet.c...
NET\onenet\src\onenet.c(547): warning:  #177-D: variable "data_ptr"  was declared but never referenced
  				char *data_ptr = NULL;
NET\onenet\src\onenet.c(533): warning:  #177-D: variable "dataPtr"  was declared but never referenced
  	char *dataPtr = NULL;
NET\onenet\src\onenet.c(534): warning:  #177-D: variable "numBuf"  was declared but never referenced
  	char numBuf[10];
NET\onenet\src\onenet.c(535): warning:  #177-D: variable "num"  was declared but never referenced
  	int num = 0;
NET\onenet\src\onenet.c: 4 warnings, 0 errors
linking...
Program Size: Code=39178 RO-data=3490 RW-data=708 ZI-data=3236  
FromELF: creating hex file...
".\output\stm32f103.axf" - 0 Error(s), 6 Warning(s).

<h2>Software Packages used:</h2>

Package Vendor: ARM
                http://www.keil.com/pack/ARM.CMSIS.5.5.1.pack
                ARM.CMSIS.5.5.1
                CMSIS (Cortex Microcontroller Software Interface Standard)
   * Component: CORE Version: 5.2.0

Package Vendor: Keil
                http://www.keil.com/pack/Keil.STM32F1xx_DFP.2.3.0.pack
                Keil.STM32F1xx_DFP.2.3.0
                STMicroelectronics STM32F1 Series Device Support, Drivers and Examples

<h2>Collection of Component include folders:</h2>
  .\RTE\_STM32F103
  D:\Users\cz\AppData\Local\Arm\Packs\ARM\CMSIS\5.5.1\CMSIS\Core\Include
  D:\Users\cz\AppData\Local\Arm\Packs\Keil\STM32F1xx_DFP\2.3.0\Device\Include

<h2>Collection of Component Files used:</h2>

   * Component: ARM::CMSIS:CORE:5.2.0
Build Time Elapsed:  00:00:01
</pre>
</body>
</html>
