Archive member included to satisfy reference by file (symbol)

D:\Robomaster\new_mecanum_fpid\HNU_Embedded_Framework\Middlewares\ST\ARM\DSP\Lib\libarm_cortexM7lfsp_math.a(arm_mat_trans_f32.o)
                              CMakeFiles/CtrBoard-H7_ALL.elf.dir/src/algorithm/QuaternionEKF/QuaternionEKF.c.obj (arm_mat_trans_f32)
D:\Robomaster\new_mecanum_fpid\HNU_Embedded_Framework\Middlewares\ST\ARM\DSP\Lib\libarm_cortexM7lfsp_math.a(arm_mat_sub_f32.o)
                              CMakeFiles/CtrBoard-H7_ALL.elf.dir/src/algorithm/QuaternionEKF/QuaternionEKF.c.obj (arm_mat_sub_f32)
D:\Robomaster\new_mecanum_fpid\HNU_Embedded_Framework\Middlewares\ST\ARM\DSP\Lib\libarm_cortexM7lfsp_math.a(arm_mat_mult_f32.o)
                              CMakeFiles/CtrBoard-H7_ALL.elf.dir/src/algorithm/LQR/lqr_control.c.obj (arm_mat_mult_f32)
D:\Robomaster\new_mecanum_fpid\HNU_Embedded_Framework\Middlewares\ST\ARM\DSP\Lib\libarm_cortexM7lfsp_math.a(arm_mat_inverse_f32.o)
                              CMakeFiles/CtrBoard-H7_ALL.elf.dir/src/algorithm/QuaternionEKF/QuaternionEKF.c.obj (arm_mat_inverse_f32)
D:\Robomaster\new_mecanum_fpid\HNU_Embedded_Framework\Middlewares\ST\ARM\DSP\Lib\libarm_cortexM7lfsp_math.a(arm_mat_init_f32.o)
                              CMakeFiles/CtrBoard-H7_ALL.elf.dir/src/algorithm/LQR/lqr_control.c.obj (arm_mat_init_f32)
D:\Robomaster\new_mecanum_fpid\HNU_Embedded_Framework\Middlewares\ST\ARM\DSP\Lib\libarm_cortexM7lfsp_math.a(arm_mat_add_f32.o)
                              CMakeFiles/CtrBoard-H7_ALL.elf.dir/src/algorithm/QuaternionEKF/QuaternionEKF.c.obj (arm_mat_add_f32)
D:\Robomaster\new_mecanum_fpid\HNU_Embedded_Framework\Middlewares\ST\ARM\DSP\Lib\libarm_cortexM7lfsp_math.a(arm_sin_f32.o)
                              CMakeFiles/CtrBoard-H7_ALL.elf.dir/src/modules/leg_vmc/drv_leg.c.obj (arm_sin_f32)
D:\Robomaster\new_mecanum_fpid\HNU_Embedded_Framework\Middlewares\ST\ARM\DSP\Lib\libarm_cortexM7lfsp_math.a(arm_cos_f32.o)
                              CMakeFiles/CtrBoard-H7_ALL.elf.dir/src/modules/leg_vmc/drv_leg.c.obj (arm_cos_f32)
D:\Robomaster\new_mecanum_fpid\HNU_Embedded_Framework\Middlewares\ST\ARM\DSP\Lib\libarm_cortexM7lfsp_math.a(arm_sub_f32.o)
                              CMakeFiles/CtrBoard-H7_ALL.elf.dir/src/algorithm/LQR/lqr_control.c.obj (arm_sub_f32)
D:\Robomaster\new_mecanum_fpid\HNU_Embedded_Framework\Middlewares\ST\ARM\DSP\Lib\libarm_cortexM7lfsp_math.a(arm_common_tables.o)
                              D:\Robomaster\new_mecanum_fpid\HNU_Embedded_Framework\Middlewares\ST\ARM\DSP\Lib\libarm_cortexM7lfsp_math.a(arm_sin_f32.o) (sinTable_f32)
d:/qq/wenjian/arm_gcc/arm_gcc/arm_gcc/arm/bin/../lib/gcc/arm-none-eabi/10.3.1/thumb/v7e-m+fp/hard\libgcc.a(_arm_muldf3.o)
                              CMakeFiles/CtrBoard-H7_ALL.elf.dir/src/modules/BMI088/transfer_function.c.obj (__aeabi_dmul)
d:/qq/wenjian/arm_gcc/arm_gcc/arm_gcc/arm/bin/../lib/gcc/arm-none-eabi/10.3.1/thumb/v7e-m+fp/hard\libgcc.a(_arm_addsubdf3.o)
                              CMakeFiles/CtrBoard-H7_ALL.elf.dir/src/modules/BMI088/transfer_function.c.obj (__aeabi_dsub)
d:/qq/wenjian/arm_gcc/arm_gcc/arm_gcc/arm/bin/../lib/gcc/arm-none-eabi/10.3.1/thumb/v7e-m+fp/hard\libgcc.a(_arm_muldivdf3.o)
                              CMakeFiles/CtrBoard-H7_ALL.elf.dir/src/modules/BMI088/transfer_function.c.obj (__aeabi_ddiv)
d:/qq/wenjian/arm_gcc/arm_gcc/arm_gcc/arm/bin/../lib/gcc/arm-none-eabi/10.3.1/thumb/v7e-m+fp/hard\libgcc.a(_arm_cmpdf2.o)
                              CMakeFiles/CtrBoard-H7_ALL.elf.dir/src/task/shoot/shoot_task.c.obj (__aeabi_dcmplt)
d:/qq/wenjian/arm_gcc/arm_gcc/arm_gcc/arm/bin/../lib/gcc/arm-none-eabi/10.3.1/thumb/v7e-m+fp/hard\libgcc.a(_arm_truncdfsf2.o)
                              CMakeFiles/CtrBoard-H7_ALL.elf.dir/src/algorithm/MahonyAHRS/MahonyAHRS.c.obj (__aeabi_d2f)
d:/qq/wenjian/arm_gcc/arm_gcc/arm_gcc/arm/bin/../lib/gcc/arm-none-eabi/10.3.1/thumb/v7e-m+fp/hard\libgcc.a(_arm_addsubsf3.o)
                              CMakeFiles/CtrBoard-H7_ALL.elf.dir/src/modules/motor/DM_motor/DM_Motor.c.obj (__aeabi_ul2f)
d:/qq/wenjian/arm_gcc/arm_gcc/arm_gcc/arm/bin/../lib/gcc/arm-none-eabi/10.3.1/thumb/v7e-m+fp/hard\libgcc.a(_aeabi_uldivmod.o)
                              CMakeFiles/CtrBoard-H7_ALL.elf.dir/Drivers/STM32H7xx_HAL_Driver/Src/stm32h7xx_hal_uart.c.obj (__aeabi_uldivmod)
d:/qq/wenjian/arm_gcc/arm_gcc/arm_gcc/arm/bin/../lib/gcc/arm-none-eabi/10.3.1/thumb/v7e-m+fp/hard\libgcc.a(_udivmoddi4.o)
                              d:/qq/wenjian/arm_gcc/arm_gcc/arm_gcc/arm/bin/../lib/gcc/arm-none-eabi/10.3.1/thumb/v7e-m+fp/hard\libgcc.a(_aeabi_uldivmod.o) (__udivmoddi4)
d:/qq/wenjian/arm_gcc/arm_gcc/arm_gcc/arm/bin/../lib/gcc/arm-none-eabi/10.3.1/thumb/v7e-m+fp/hard\libgcc.a(_dvmd_tls.o)
                              d:/qq/wenjian/arm_gcc/arm_gcc/arm_gcc/arm/bin/../lib/gcc/arm-none-eabi/10.3.1/thumb/v7e-m+fp/hard\libgcc.a(_aeabi_uldivmod.o) (__aeabi_ldiv0)
[...]
Memory Configuration

Name             Origin             Length             Attributes
ITCMRAM          0x00000000         0x00010000         xrw
DTCMRAM          0x20000000         0x00020000         xrw
FLASH            0x08000000         0x00100000         xr
RAM_D1           0x24000000         0x00050000         xrw
RAM_D2           0x30000000         0x00008000         xrw
RAM_D3           0x38000000         0x00004000         xrw
*default*        0x00000000         0xffffffff

Linker script and memory map

LOAD d:/qq/wenjian/arm_gcc/arm_gcc/arm_gcc/arm/bin/../lib/gcc/arm-none-eabi/10.3.1/thumb/v7e-m+fp/hard/crti.o
LOAD d:/qq/wenjian/arm_gcc/arm_gcc/arm_gcc/arm/bin/../lib/gcc/arm-none-eabi/10.3.1/thumb/v7e-m+fp/hard/crtbegin.o
LOAD d:/qq/wenjian/arm_gcc/arm_gcc/arm_gcc/arm/bin/../lib/gcc/arm-none-eabi/10.3.1/../../../../arm-none-eabi/lib/thumb/v7e-m+fp/hard/crt0.o
LOAD CMakeFiles/CtrBoard-H7_ALL.elf.dir/Core/Src/dma.c.obj
LOAD CMakeFiles/CtrBoard-H7_ALL.elf.dir/Core/Src/fdcan.c.obj
LOAD CMakeFiles/CtrBoard-H7_ALL.elf.dir/Core/Src/freertos.c.obj
LOAD CMakeFiles/CtrBoard-H7_ALL.elf.dir/Core/Src/gpio.c.obj
LOAD CMakeFiles/CtrBoard-H7_ALL.elf.dir/Core/Src/main.c.obj
LOAD CMakeFiles/CtrBoard-H7_ALL.elf.dir/Core/Src/spi.c.obj
LOAD CMakeFiles/CtrBoard-H7_ALL.elf.dir/Core/Src/stm32h7xx_hal_msp.c.obj
LOAD CMakeFiles/CtrBoard-H7_ALL.elf.dir/Core/Src/stm32h7xx_hal_timebase_tim.c.obj
LOAD CMakeFiles/CtrBoard-H7_ALL.elf.dir/Core/Src/stm32h7xx_it.c.obj
LOAD CMakeFiles/CtrBoard-H7_ALL.elf.dir/Core/Src/syscalls.c.obj
LOAD CMakeFiles/CtrBoard-H7_ALL.elf.dir/Core/Src/sysmem.c.obj
LOAD CMakeFiles/CtrBoard-H7_ALL.elf.dir/Core/Src/system_stm32h7xx.c.obj
LOAD CMakeFiles/CtrBoard-H7_ALL.elf.dir/Core/Src/tim.c.obj
LOAD CMakeFiles/CtrBoard-H7_ALL.elf.dir/Core/Src/usart.c.obj
LOAD CMakeFiles/CtrBoard-H7_ALL.elf.dir/Core/Startup/startup_stm32h723vgtx.s.obj
LOAD CMakeFiles/CtrBoard-H7_ALL.elf.dir/Drivers/STM32H7xx_HAL_Driver/Src/stm32h7xx_hal.c.obj
LOAD CMakeFiles/CtrBoard-H7_ALL.elf.dir/Drivers/STM32H7xx_HAL_Driver/Src/stm32h7xx_hal_cortex.c.obj
LOAD CMakeFiles/CtrBoard-H7_ALL.elf.dir/Drivers/STM32H7xx_HAL_Driver/Src/stm32h7xx_hal_dma.c.obj
LOAD CMakeFiles/CtrBoard-H7_ALL.elf.dir/Drivers/STM32H7xx_HAL_Driver/Src/stm32h7xx_hal_dma_ex.c.obj
LOAD CMakeFiles/CtrBoard-H7_ALL.elf.dir/Drivers/STM32H7xx_HAL_Driver/Src/stm32h7xx_hal_exti.c.obj
LOAD CMakeFiles/CtrBoard-H7_ALL.elf.dir/Drivers/STM32H7xx_HAL_Driver/Src/stm32h7xx_hal_fdcan.c.obj
LOAD CMakeFiles/CtrBoard-H7_ALL.elf.dir/Drivers/STM32H7xx_HAL_Driver/Src/stm32h7xx_hal_flash.c.obj
LOAD CMakeFiles/CtrBoard-H7_ALL.elf.dir/Drivers/STM32H7xx_HAL_Driver/Src/stm32h7xx_hal_flash_ex.c.obj
LOAD CMakeFiles/CtrBoard-H7_ALL.elf.dir/Drivers/STM32H7xx_HAL_Driver/Src/stm32h7xx_hal_gpio.c.obj
LOAD CMakeFiles/CtrBoard-H7_ALL.elf.dir/Drivers/STM32H7xx_HAL_Driver/Src/stm32h7xx_hal_hsem.c.obj
LOAD CMakeFiles/CtrBoard-H7_ALL.elf.dir/Drivers/STM32H7xx_HAL_Driver/Src/stm32h7xx_hal_i2c.c.obj
LOAD CMakeFiles/CtrBoard-H7_ALL.elf.dir/Drivers/STM32H7xx_HAL_Driver/Src/stm32h7xx_hal_i2c_ex.c.obj
LOAD CMakeFiles/CtrBoard-H7_ALL.elf.dir/Drivers/STM32H7xx_HAL_Driver/Src/stm32h7xx_hal_mdma.c.obj
LOAD CMakeFiles/CtrBoard-H7_ALL.elf.dir/Drivers/STM32H7xx_HAL_Driver/Src/stm32h7xx_hal_pcd.c.obj
LOAD CMakeFiles/CtrBoard-H7_ALL.elf.dir/Drivers/STM32H7xx_HAL_Driver/Src/stm32h7xx_hal_pcd_ex.c.obj
LOAD CMakeFiles/CtrBoard-H7_ALL.elf.dir/Drivers/STM32H7xx_HAL_Driver/Src/stm32h7xx_hal_pwr.c.obj
LOAD CMakeFiles/CtrBoard-H7_ALL.elf.dir/Drivers/STM32H7xx_HAL_Driver/Src/stm32h7xx_hal_pwr_ex.c.obj
LOAD CMakeFiles/CtrBoard-H7_ALL.elf.dir/Drivers/STM32H7xx_HAL_Driver/Src/stm32h7xx_hal_rcc.c.obj
LOAD CMakeFiles/CtrBoard-H7_ALL.elf.dir/Drivers/STM32H7xx_HAL_Driver/Src/stm32h7xx_hal_rcc_ex.c.obj
LOAD CMakeFiles/CtrBoard-H7_ALL.elf.dir/Drivers/STM32H7xx_HAL_Driver/Src/stm32h7xx_hal_spi.c.obj
LOAD CMakeFiles/CtrBoard-H7_ALL.elf.dir/Drivers/STM32H7xx_HAL_Driver/Src/stm32h7xx_hal_spi_ex.c.obj
LOAD CMakeFiles/CtrBoard-H7_ALL.elf.dir/Drivers/STM32H7xx_HAL_Driver/Src/stm32h7xx_hal_tim.c.obj
LOAD CMakeFiles/CtrBoard-H7_ALL.elf.dir/Drivers/STM32H7xx_HAL_Driver/Src/stm32h7xx_hal_tim_ex.c.obj
LOAD CMakeFiles/CtrBoard-H7_ALL.elf.dir/Drivers/STM32H7xx_HAL_Driver/Src/stm32h7xx_hal_uart.c.obj
LOAD CMakeFiles/CtrBoard-H7_ALL.elf.dir/Drivers/STM32H7xx_HAL_Driver/Src/stm32h7xx_hal_uart_ex.c.obj
LOAD CMakeFiles/CtrBoard-H7_ALL.elf.dir/Drivers/STM32H7xx_HAL_Driver/Src/stm32h7xx_ll_usb.c.obj
LOAD CMakeFiles/CtrBoard-H7_ALL.elf.dir/Middlewares/ST/STM32_USB_Device_Library/Class/CDC/Src/usbd_cdc.c.obj
LOAD CMakeFiles/CtrBoard-H7_ALL.elf.dir/Middlewares/ST/STM32_USB_Device_Library/Core/Src/usbd_core.c.obj
LOAD CMakeFiles/CtrBoard-H7_ALL.elf.dir/Middlewares/ST/STM32_USB_Device_Library/Core/Src/usbd_ctlreq.c.obj
LOAD CMakeFiles/CtrBoard-H7_ALL.elf.dir/Middlewares/ST/STM32_USB_Device_Library/Core/Src/usbd_ioreq.c.obj
LOAD CMakeFiles/CtrBoard-H7_ALL.elf.dir/Middlewares/Third_Party/FreeRTOS/Source/CMSIS_RTOS/cmsis_os.c.obj
LOAD CMakeFiles/CtrBoard-H7_ALL.elf.dir/Middlewares/Third_Party/FreeRTOS/Source/croutine.c.obj
LOAD CMakeFiles/CtrBoard-H7_ALL.elf.dir/Middlewares/Third_Party/FreeRTOS/Source/event_groups.c.obj
LOAD CMakeFiles/CtrBoard-H7_ALL.elf.dir/Middlewares/Third_Party/FreeRTOS/Source/list.c.obj
LOAD CMakeFiles/CtrBoard-H7_ALL.elf.dir/Middlewares/Third_Party/FreeRTOS/Source/portable/GCC/ARM_CM4F/port.c.obj
LOAD CMakeFiles/CtrBoard-H7_ALL.elf.dir/Middlewares/Third_Party/FreeRTOS/Source/portable/MemMang/heap_4.c.obj
LOAD CMakeFiles/CtrBoard-H7_ALL.elf.dir/Middlewares/Third_Party/FreeRTOS/Source/queue.c.obj
LOAD CMakeFiles/CtrBoard-H7_ALL.elf.dir/Middlewares/Third_Party/FreeRTOS/Source/stream_buffer.c.obj
LOAD CMakeFiles/CtrBoard-H7_ALL.elf.dir/Middlewares/Third_Party/FreeRTOS/Source/tasks.c.obj
LOAD CMakeFiles/CtrBoard-H7_ALL.elf.dir/Middlewares/Third_Party/FreeRTOS/Source/timers.c.obj
LOAD CMakeFiles/CtrBoard-H7_ALL.elf.dir/Middlewares/Third_Party/SEGGER/RTT/SEGGER_RTT.c.obj
LOAD CMakeFiles/CtrBoard-H7_ALL.elf.dir/Middlewares/Third_Party/SEGGER/RTT/SEGGER_RTT_ASM_ARMv7M.s.obj
LOAD CMakeFiles/CtrBoard-H7_ALL.elf.dir/Middlewares/Third_Party/SEGGER/RTT/SEGGER_RTT_printf.c.obj
LOAD CMakeFiles/CtrBoard-H7_ALL.elf.dir/USB_DEVICE/App/usb_device.c.obj
LOAD CMakeFiles/CtrBoard-H7_ALL.elf.dir/USB_DEVICE/App/usbd_cdc_if.c.obj
LOAD CMakeFiles/CtrBoard-H7_ALL.elf.dir/USB_DEVICE/App/usbd_desc.c.obj
LOAD CMakeFiles/CtrBoard-H7_ALL.elf.dir/USB_DEVICE/Target/usbd_conf.c.obj
LOAD CMakeFiles/CtrBoard-H7_ALL.elf.dir/src/algorithm/Filter/filter32.c.obj
LOAD CMakeFiles/CtrBoard-H7_ALL.elf.dir/src/algorithm/LQR/lqr_control.c.obj
LOAD CMakeFiles/CtrBoard-H7_ALL.elf.dir/src/algorithm/MahonyAHRS/MahonyAHRS.c.obj
LOAD CMakeFiles/CtrBoard-H7_ALL.elf.dir/src/algorithm/PID/PID.c.obj
LOAD CMakeFiles/CtrBoard-H7_ALL.elf.dir/src/algorithm/QuaternionEKF/QuaternionEKF.c.obj
LOAD CMakeFiles/CtrBoard-H7_ALL.elf.dir/src/algorithm/Ramp/ramp.c.obj
LOAD CMakeFiles/CtrBoard-H7_ALL.elf.dir/src/algorithm/User_Lib/user_lib.c.obj
LOAD CMakeFiles/CtrBoard-H7_ALL.elf.dir/src/algorithm/crc/crc8_crc16.c.obj
LOAD CMakeFiles/CtrBoard-H7_ALL.elf.dir/src/algorithm/kalman_filter/kalman_filter.c.obj
LOAD CMakeFiles/CtrBoard-H7_ALL.elf.dir/src/modules/BMI088/BMI088Middleware.c.obj
LOAD CMakeFiles/CtrBoard-H7_ALL.elf.dir/src/modules/BMI088/BMI088driver.c.obj
LOAD CMakeFiles/CtrBoard-H7_ALL.elf.dir/src/modules/BMI088/transfer_function.c.obj
LOAD CMakeFiles/CtrBoard-H7_ALL.elf.dir/src/modules/can/hal_can.c.obj
LOAD CMakeFiles/CtrBoard-H7_ALL.elf.dir/src/modules/dm_imu/dm_imu.c.obj
LOAD CMakeFiles/CtrBoard-H7_ALL.elf.dir/src/modules/dwt/drv_dwt.c.obj
LOAD CMakeFiles/CtrBoard-H7_ALL.elf.dir/src/modules/ipc/uMCN.c.obj
LOAD CMakeFiles/CtrBoard-H7_ALL.elf.dir/src/modules/leg_vmc/drv_leg.c.obj
LOAD CMakeFiles/CtrBoard-H7_ALL.elf.dir/src/modules/leg_wbr/leg_wbr.c.obj
LOAD CMakeFiles/CtrBoard-H7_ALL.elf.dir/src/modules/log/bsp_log.c.obj
LOAD CMakeFiles/CtrBoard-H7_ALL.elf.dir/src/modules/motor/DJI_motor/dji_motor.c.obj
LOAD CMakeFiles/CtrBoard-H7_ALL.elf.dir/src/modules/motor/DM_motor/DM_Motor.c.obj
LOAD CMakeFiles/CtrBoard-H7_ALL.elf.dir/src/modules/motor/HT_motor/ht04.c.obj
LOAD CMakeFiles/CtrBoard-H7_ALL.elf.dir/src/modules/motor/LK_motor/lk_motor.c.obj
LOAD CMakeFiles/CtrBoard-H7_ALL.elf.dir/src/modules/motor/UNITREE_Motor_485/485driver/GO-M8010-6.c.obj
LOAD CMakeFiles/CtrBoard-H7_ALL.elf.dir/src/modules/motor/UNITREE_Motor_485/USER_Driver/unitree_motor.c.obj
LOAD CMakeFiles/CtrBoard-H7_ALL.elf.dir/src/modules/pwm/drv_PWM.c.obj
LOAD CMakeFiles/CtrBoard-H7_ALL.elf.dir/src/modules/rc/Dbus/rc_dbus.c.obj
LOAD CMakeFiles/CtrBoard-H7_ALL.elf.dir/src/modules/rc/Keyboard/keyboard.c.obj
LOAD CMakeFiles/CtrBoard-H7_ALL.elf.dir/src/modules/referee/referee_system.c.obj
LOAD CMakeFiles/CtrBoard-H7_ALL.elf.dir/src/modules/ws2812b/ws2812.c.obj
LOAD CMakeFiles/CtrBoard-H7_ALL.elf.dir/src/robot.c.obj
LOAD CMakeFiles/CtrBoard-H7_ALL.elf.dir/src/task/Lifter/lifter_task.c.obj
LOAD CMakeFiles/CtrBoard-H7_ALL.elf.dir/src/task/chassis/chassis_task.c.obj
LOAD CMakeFiles/CtrBoard-H7_ALL.elf.dir/src/task/cmd/cmd_task.c.obj
LOAD CMakeFiles/CtrBoard-H7_ALL.elf.dir/src/task/gimbal/gimbal_task.c.obj
LOAD CMakeFiles/CtrBoard-H7_ALL.elf.dir/src/task/ins/ins_task.c.obj
LOAD CMakeFiles/CtrBoard-H7_ALL.elf.dir/src/task/motor/motor_task.c.obj
LOAD CMakeFiles/CtrBoard-H7_ALL.elf.dir/src/task/rm_task.c.obj
LOAD CMakeFiles/CtrBoard-H7_ALL.elf.dir/src/task/shoot/shoot_task.c.obj
LOAD CMakeFiles/CtrBoard-H7_ALL.elf.dir/src/task/trans/trans_task.c.obj
LOAD CMakeFiles/CtrBoard-H7_ALL.elf.dir/src/task/uart/uart_receive.c.obj
LOAD D:\Robomaster\new_mecanum_fpid\HNU_Embedded_Framework\Middlewares\ST\ARM\DSP\Lib\libarm_cortexM7lfsp_math.a
START GROUP
LOAD d:/qq/wenjian/arm_gcc/arm_gcc/arm_gcc/arm/bin/../lib/gcc/arm-none-eabi/10.3.1/thumb/v7e-m+fp/hard\libgcc.a
LOAD d:/qq/wenjian/arm_gcc/arm_gcc/arm_gcc/arm/bin/../lib/gcc/arm-none-eabi/10.3.1/../../../../arm-none-eabi/lib/thumb/v7e-m+fp/hard\libg.a
LOAD d:/qq/wenjian/arm_gcc/arm_gcc/arm_gcc/arm/bin/../lib/gcc/arm-none-eabi/10.3.1/../../../../arm-none-eabi/lib/thumb/v7e-m+fp/hard\libc.a
END GROUP
LOAD d:/qq/wenjian/arm_gcc/arm_gcc/arm_gcc/arm/bin/../lib/gcc/arm-none-eabi/10.3.1/thumb/v7e-m+fp/hard/crtend.o
LOAD d:/qq/wenjian/arm_gcc/arm_gcc/arm_gcc/arm/bin/../lib/gcc/arm-none-eabi/10.3.1/thumb/v7e-m+fp/hard/crtn.o
                0x24050000                _estack = (ORIGIN (RAM_D1) + LENGTH (RAM_D1))
                0x00000400                _Min_Heap_Size = 0x400
                0x00001000                _Min_Stack_Size = 0x1000

.isr_vector     0x08000000      0x2cc
                0x08000000                . = ALIGN (0x4)
 *(.isr_vector)
 .isr_vector    0x08000000      0x2cc CMakeFiles/CtrBoard-H7_ALL.elf.dir/Core/Startup/startup_stm32h723vgtx.s.obj
                0x08000000                g_pfnVectors
                0x080002cc                . = ALIGN (0x4)

.text           0x08000300    0x20968
                0x08000300                . = ALIGN (0x4)
 *(.text)
 .text          0x08000300       0x40 d:/qq/wenjian/arm_gcc/arm_gcc/arm_gcc/arm/bin/../lib/gcc/arm-none-eabi/10.3.1/thumb/v7e-m+fp/hard/crtbegin.o
 .text          0x08000340      0x378 d:/qq/wenjian/arm_gcc/arm_gcc/arm_gcc/arm/bin/../lib/gcc/arm-none-eabi/10.3.1/thumb/v7e-m+fp/hard\libgcc.a(_arm_addsubdf3.o)
                0x08000340                __aeabi_drsub
                0x08000348                __aeabi_dsub
                0x08000348                __subdf3
                0x0800034c                __aeabi_dadd
                0x0800034c                __adddf3
                0x080005c4                __floatunsidf
                0x080005c4                __aeabi_ui2d
                0x080005e4                __floatsidf
                0x080005e4                __aeabi_i2d
                0x08000608                __aeabi_f2d
                0x08000608                __extendsfdf2
                0x0800064c                __floatundidf
                0x0800064c                __aeabi_ul2d
                0x0800065c                __floatdidf
                0x0800065c                __aeabi_l2d
 .text          0x080006b8      0x424 d:/qq/wenjian/arm_gcc/arm_gcc/arm_gcc/arm/bin/../lib/gcc/arm-none-eabi/10.3.1/thumb/v7e-m+fp/hard\libgcc.a(_arm_muldivdf3.o)
                0x080006b8                __aeabi_dmul
                0x080006b8                __muldf3
                0x0800090c                __divdf3
                0x0800090c                __aeabi_ddiv
 .text          0x08000adc      0x110 d:/qq/wenjian/arm_gcc/arm_gcc/arm_gcc/arm/bin/../lib/gcc/arm-none-eabi/10.3.1/thumb/v7e-m+fp/hard\libgcc.a(_arm_cmpdf2.o)
                0x08000adc                __gtdf2
                0x08000adc                __gedf2
                0x08000ae4                __ltdf2
                0x08000ae4                __ledf2
                0x08000aec                __nedf2
                0x08000aec                __eqdf2
                0x08000aec                __cmpdf2
                0x08000b68                __aeabi_cdrcmple
                0x08000b78                __aeabi_cdcmpeq
                0x08000b78                __aeabi_cdcmple
                0x08000b88                __aeabi_dcmpeq
                0x08000b9c                __aeabi_dcmplt
                0x08000bb0                __aeabi_dcmple
                0x08000bc4                __aeabi_dcmpge
                0x08000bd8                __aeabi_dcmpgt
 .text          0x08000bec      0x21c d:/qq/wenjian/arm_gcc/arm_gcc/arm_gcc/arm/bin/../lib/gcc/arm-none-eabi/10.3.1/thumb/v7e-m+fp/hard\libgcc.a(_arm_addsubsf3.o)
                0x08000bec                __aeabi_frsub
                0x08000bf4                __subsf3
                0x08000bf4                __aeabi_fsub
                0x08000bf8                __aeabi_fadd
                0x08000bf8                __addsf3
                0x08000d58                __aeabi_ui2f
                0x08000d58                __floatunsisf
                0x08000d60                __aeabi_i2f
                0x08000d60                __floatsisf
                0x08000d7c                __aeabi_ul2f
                0x08000d7c                __floatundisf
                0x08000d8c                __aeabi_l2f
                0x08000d8c                __floatdisf
 .text          0x08000e08       0x30 d:/qq/wenjian/arm_gcc/arm_gcc/arm_gcc/arm/bin/../lib/gcc/arm-none-eabi/10.3.1/thumb/v7e-m+fp/hard\libgcc.a(_aeabi_uldivmod.o)
                0x08000e08                __aeabi_uldivmod
 .text          0x08000e38      0x2d0 d:/qq/wenjian/arm_gcc/arm_gcc/arm_gcc/arm/bin/../lib/gcc/arm-none-eabi/10.3.1/thumb/v7e-m+fp/hard\libgcc.a(_udivmoddi4.o)
                0x08000e38                __udivmoddi4
 .text          0x08001108        0x4 d:/qq/wenjian/arm_gcc/arm_gcc/arm_gcc/arm/bin/../lib/gcc/arm-none-eabi/10.3.1/thumb/v7e-m+fp/hard\libgcc.a(_dvmd_tls.o)
                0x08001108                __aeabi_idiv0
                0x08001108                __aeabi_ldiv0
 .text          0x0800110c      0x134 d:/qq/wenjian/arm_gcc/arm_gcc/arm_gcc/arm/bin/../lib/gcc/arm-none-eabi/10.3.1/../../../../arm-none-eabi/lib/thumb/v7e-m+fp/hard\libg.a(lib_a-memcpy.o)
                0x0800110c                memcpy
 .text          0x08001240       0xdc d:/qq/wenjian/arm_gcc/arm_gcc/arm_gcc/arm/bin/../lib/gcc/arm-none-eabi/10.3.1/../../../../arm-none-eabi/lib/thumb/v7e-m+fp/hard\libg.a(lib_a-strlen.o)
                0x08001240                strlen
 *fill*         0x0800131c        0x4 
 .text          0x08001320       0xa0 d:/qq/wenjian/arm_gcc/arm_gcc/arm_gcc/arm/bin/../lib/gcc/arm-none-eabi/10.3.1/../../../../arm-none-eabi/lib/thumb/v7e-m+fp/hard\libg.a(lib_a-memchr.o)
                0x08001320                memchr
 .text          0x080013c0       0x2c d:/qq/wenjian/arm_gcc/arm_gcc/arm_gcc/arm/bin/../lib/gcc/arm-none-eabi/10.3.1/thumb/v7e-m+fp/hard\libgcc.a(_arm_unorddf2.o)
                0x080013c0                __unorddf2
                0x080013c0                __aeabi_dcmpun
 .text          0x080013ec       0x50 d:/qq/wenjian/arm_gcc/arm_gcc/arm_gcc/arm/bin/../lib/gcc/arm-none-eabi/10.3.1/thumb/v7e-m+fp/hard\libgcc.a(_arm_fixdfsi.o)
                0x080013ec                __aeabi_d2iz
                0x080013ec                __fixdfsi
 *(.text*)
 .text.MX_DMA_Init
                0x0800143c       0xc0 CMakeFiles/CtrBoard-H7_ALL.elf.dir/Core/Src/dma.c.obj
                0x0800143c                MX_DMA_Init
 .text.MX_FDCAN1_Init
                0x080014fc       0x64 CMakeFiles/CtrBoard-H7_ALL.elf.dir/Core/Src/fdcan.c.obj
                0x080014fc                MX_FDCAN1_Init
 .text.MX_FDCAN2_Init
                0x08001560       0x64 CMakeFiles/CtrBoard-H7_ALL.elf.dir/Core/Src/fdcan.c.obj
                0x08001560                MX_FDCAN2_Init
 .text.MX_FDCAN3_Init
                0x080015c4       0x64 CMakeFiles/CtrBoard-H7_ALL.elf.dir/Core/Src/fdcan.c.obj
                0x080015c4                MX_FDCAN3_Init
 .text.HAL_FDCAN_MspInit
                0x08001628      0x1f8 CMakeFiles/CtrBoard-H7_ALL.elf.dir/Core/Src/fdcan.c.obj
                0x08001628                HAL_FDCAN_MspInit
 .text.StartDefaultTask
                0x08001820       0x2c CMakeFiles/CtrBoard-H7_ALL.elf.dir/Core/Src/freertos.c.obj
                0x08001820                StartDefaultTask
 .text.vApplicationGetIdleTaskMemory
                0x0800184c       0x18 CMakeFiles/CtrBoard-H7_ALL.elf.dir/Core/Src/freertos.c.obj
                0x0800184c                vApplicationGetIdleTaskMemory
 .text.vApplicationGetTimerTaskMemory
                0x08001864       0x18 CMakeFiles/CtrBoard-H7_ALL.elf.dir/Core/Src/freertos.c.obj
                0x08001864                vApplicationGetTimerTaskMemory
 .text.MX_FREERTOS_Init
                0x0800187c       0x30 CMakeFiles/CtrBoard-H7_ALL.elf.dir/Core/Src/freertos.c.obj
                0x0800187c                MX_FREERTOS_Init
 .text.MX_GPIO_Init
                0x080018ac      0x2bc CMakeFiles/CtrBoard-H7_ALL.elf.dir/Core/Src/gpio.c.obj
                0x080018ac                MX_GPIO_Init
 .text.Error_Handler
                0x08001b68        0x4 CMakeFiles/CtrBoard-H7_ALL.elf.dir/Core/Src/main.c.obj
                0x08001b68                Error_Handler
 .text.SystemClock_Config
                0x08001b6c       0xc0 CMakeFiles/CtrBoard-H7_ALL.elf.dir/Core/Src/main.c.obj
                0x08001b6c                SystemClock_Config
 .text.main     0x08001c2c       0xe4 CMakeFiles/CtrBoard-H7_ALL.elf.dir/Core/Src/main.c.obj
                0x08001c2c                main
 .text.MX_SPI2_Init
                0x08001d10       0x60 CMakeFiles/CtrBoard-H7_ALL.elf.dir/Core/Src/spi.c.obj
                0x08001d10                MX_SPI2_Init
 .text.MX_SPI6_Init
                0x08001d70       0x64 CMakeFiles/CtrBoard-H7_ALL.elf.dir/Core/Src/spi.c.obj
                0x08001d70                MX_SPI6_Init
 .text.HAL_SPI_MspInit
                0x08001dd4      0x20c CMakeFiles/CtrBoard-H7_ALL.elf.dir/Core/Src/spi.c.obj
                0x08001dd4                HAL_SPI_MspInit
 .text.HAL_MspInit
                0x08001fe0       0x34 CMakeFiles/CtrBoard-H7_ALL.elf.dir/Core/Src/stm32h7xx_hal_msp.c.obj
                0x08001fe0                HAL_MspInit
 .text.HAL_InitTick
                0x08002014       0x90 CMakeFiles/CtrBoard-H7_ALL.elf.dir/Core/Src/stm32h7xx_hal_timebase_tim.c.obj
                0x08002014                HAL_InitTick
 .text.NMI_Handler
                0x080020a4        0x2 CMakeFiles/CtrBoard-H7_ALL.elf.dir/Core/Src/stm32h7xx_it.c.obj
                0x080020a4                NMI_Handler
 .text.HardFault_Handler
                0x080020a6        0x2 CMakeFiles/CtrBoard-H7_ALL.elf.dir/Core/Src/stm32h7xx_it.c.obj
                0x080020a6                HardFault_Handler
 .text.MemManage_Handler
                0x080020a8        0x2 CMakeFiles/CtrBoard-H7_ALL.elf.dir/Core/Src/stm32h7xx_it.c.obj
                0x080020a8                MemManage_Handler
 .text.BusFault_Handler
                0x080020aa        0x2 CMakeFiles/CtrBoard-H7_ALL.elf.dir/Core/Src/stm32h7xx_it.c.obj
                0x080020aa                BusFault_Handler
 .text.UsageFault_Handler
                0x080020ac        0x2 CMakeFiles/CtrBoard-H7_ALL.elf.dir/Core/Src/stm32h7xx_it.c.obj
                0x080020ac                UsageFault_Handler
 .text.DebugMon_Handler
                0x080020ae        0x2 CMakeFiles/CtrBoard-H7_ALL.elf.dir/Core/Src/stm32h7xx_it.c.obj
                0x080020ae                DebugMon_Handler
 .text.DMA1_Stream2_IRQHandler
                0x080020b0       0x10 CMakeFiles/CtrBoard-H7_ALL.elf.dir/Core/Src/stm32h7xx_it.c.obj
                0x080020b0                DMA1_Stream2_IRQHandler
 .text.DMA1_Stream4_IRQHandler
                0x080020c0       0x10 CMakeFiles/CtrBoard-H7_ALL.elf.dir/Core/Src/stm32h7xx_it.c.obj
                0x080020c0                DMA1_Stream4_IRQHandler
 .text.DMA1_Stream5_IRQHandler
                0x080020d0       0x10 CMakeFiles/CtrBoard-H7_ALL.elf.dir/Core/Src/stm32h7xx_it.c.obj
                0x080020d0                DMA1_Stream5_IRQHandler
 .text.FDCAN1_IT0_IRQHandler
                0x080020e0       0x10 CMakeFiles/CtrBoard-H7_ALL.elf.dir/Core/Src/stm32h7xx_it.c.obj
                0x080020e0                FDCAN1_IT0_IRQHandler
 .text.FDCAN2_IT1_IRQHandler
                0x080020f0       0x10 CMakeFiles/CtrBoard-H7_ALL.elf.dir/Core/Src/stm32h7xx_it.c.obj
                0x080020f0                FDCAN2_IT1_IRQHandler
 .text.TIM4_IRQHandler
                0x08002100       0x10 CMakeFiles/CtrBoard-H7_ALL.elf.dir/Core/Src/stm32h7xx_it.c.obj
                0x08002100                TIM4_IRQHandler
 .text.SPI2_IRQHandler
                0x08002110       0x10 CMakeFiles/CtrBoard-H7_ALL.elf.dir/Core/Src/stm32h7xx_it.c.obj
                0x08002110                SPI2_IRQHandler
 .text.USART2_IRQHandler
                0x08002120       0x10 CMakeFiles/CtrBoard-H7_ALL.elf.dir/Core/Src/stm32h7xx_it.c.obj
                0x08002120                USART2_IRQHandler
 .text.USART3_IRQHandler
                0x08002130       0x10 CMakeFiles/CtrBoard-H7_ALL.elf.dir/Core/Src/stm32h7xx_it.c.obj
                0x08002130                USART3_IRQHandler
 .text.UART5_IRQHandler
                0x08002140       0x10 CMakeFiles/CtrBoard-H7_ALL.elf.dir/Core/Src/stm32h7xx_it.c.obj
                0x08002140                UART5_IRQHandler
 .text.DMA2_Stream0_IRQHandler
                0x08002150       0x10 CMakeFiles/CtrBoard-H7_ALL.elf.dir/Core/Src/stm32h7xx_it.c.obj
                0x08002150                DMA2_Stream0_IRQHandler
 .text.DMA2_Stream1_IRQHandler
                0x08002160       0x10 CMakeFiles/CtrBoard-H7_ALL.elf.dir/Core/Src/stm32h7xx_it.c.obj
                0x08002160                DMA2_Stream1_IRQHandler
 .text.DMA2_Stream2_IRQHandler
                0x08002170       0x10 CMakeFiles/CtrBoard-H7_ALL.elf.dir/Core/Src/stm32h7xx_it.c.obj
                0x08002170                DMA2_Stream2_IRQHandler
 .text.DMA2_Stream3_IRQHandler
                0x08002180       0x10 CMakeFiles/CtrBoard-H7_ALL.elf.dir/Core/Src/stm32h7xx_it.c.obj
                0x08002180                DMA2_Stream3_IRQHandler
 .text.DMA2_Stream5_IRQHandler
                0x08002190       0x10 CMakeFiles/CtrBoard-H7_ALL.elf.dir/Core/Src/stm32h7xx_it.c.obj
                0x08002190                DMA2_Stream5_IRQHandler
 .text.OTG_HS_IRQHandler
                0x080021a0       0x10 CMakeFiles/CtrBoard-H7_ALL.elf.dir/Core/Src/stm32h7xx_it.c.obj
                0x080021a0                OTG_HS_IRQHandler
 .text.USART10_IRQHandler
                0x080021b0       0x10 CMakeFiles/CtrBoard-H7_ALL.elf.dir/Core/Src/stm32h7xx_it.c.obj
                0x080021b0                USART10_IRQHandler
 .text.FDCAN3_IT0_IRQHandler
                0x080021c0       0x10 CMakeFiles/CtrBoard-H7_ALL.elf.dir/Core/Src/stm32h7xx_it.c.obj
                0x080021c0                FDCAN3_IT0_IRQHandler
 .text.TIM23_IRQHandler
                0x080021d0       0x10 CMakeFiles/CtrBoard-H7_ALL.elf.dir/Core/Src/stm32h7xx_it.c.obj
                0x080021d0                TIM23_IRQHandler
 .text._getpid  0x080021e0        0x4 CMakeFiles/CtrBoard-H7_ALL.elf.dir/Core/Src/syscalls.c.obj
                0x080021e0                _getpid
 .text._kill    0x080021e4       0x10 CMakeFiles/CtrBoard-H7_ALL.elf.dir/Core/Src/syscalls.c.obj
                0x080021e4                _kill
 .text._exit    0x080021f4        0xc CMakeFiles/CtrBoard-H7_ALL.elf.dir/Core/Src/syscalls.c.obj
                0x080021f4                _exit
 .text._read    0x08002200       0x20 CMakeFiles/CtrBoard-H7_ALL.elf.dir/Core/Src/syscalls.c.obj
                0x08002200                _read
 .text._write   0x08002220       0x1c CMakeFiles/CtrBoard-H7_ALL.elf.dir/Core/Src/syscalls.c.obj
                0x08002220                _write
 .text._close   0x0800223c        0x6 CMakeFiles/CtrBoard-H7_ALL.elf.dir/Core/Src/syscalls.c.obj
                0x0800223c                _close
 .text._fstat   0x08002242        0xa CMakeFiles/CtrBoard-H7_ALL.elf.dir/Core/Src/syscalls.c.obj
                0x08002242                _fstat
 .text._isatty  0x0800224c        0x4 CMakeFiles/CtrBoard-H7_ALL.elf.dir/Core/Src/syscalls.c.obj
                0x0800224c                _isatty
 .text._lseek   0x08002250        0x4 CMakeFiles/CtrBoard-H7_ALL.elf.dir/Core/Src/syscalls.c.obj
                0x08002250                _lseek
 .text._sbrk    0x08002254       0x48 CMakeFiles/CtrBoard-H7_ALL.elf.dir/Core/Src/sysmem.c.obj
                0x08002254                _sbrk
 .text.SystemInit
                0x0800229c       0xac CMakeFiles/CtrBoard-H7_ALL.elf.dir/Core/Src/system_stm32h7xx.c.obj
                0x0800229c                SystemInit
 .text.MX_TIM4_Init
                0x08002348       0x70 CMakeFiles/CtrBoard-H7_ALL.elf.dir/Core/Src/tim.c.obj
                0x08002348                MX_TIM4_Init
 .text.HAL_TIM_PWM_MspInit
                0x080023b8       0x34 CMakeFiles/CtrBoard-H7_ALL.elf.dir/Core/Src/tim.c.obj
                0x080023b8                HAL_TIM_PWM_MspInit
 .text.HAL_TIM_Base_MspInit
                0x080023ec       0x48 CMakeFiles/CtrBoard-H7_ALL.elf.dir/Core/Src/tim.c.obj
                0x080023ec                HAL_TIM_Base_MspInit
 .text.HAL_TIM_MspPostInit
                0x08002434       0x58 CMakeFiles/CtrBoard-H7_ALL.elf.dir/Core/Src/tim.c.obj
                0x08002434                HAL_TIM_MspPostInit
 .text.MX_TIM3_Init
                0x0800248c       0x88 CMakeFiles/CtrBoard-H7_ALL.elf.dir/Core/Src/tim.c.obj
                0x0800248c                MX_TIM3_Init
 .text.MX_UART5_Init
                0x08002514       0x78 CMakeFiles/CtrBoard-H7_ALL.elf.dir/Core/Src/usart.c.obj
                0x08002514                MX_UART5_Init
 .text.MX_USART2_UART_Init
                0x0800258c       0x70 CMakeFiles/CtrBoard-H7_ALL.elf.dir/Core/Src/usart.c.obj
                0x0800258c                MX_USART2_UART_Init
 .text.MX_USART3_UART_Init
                0x080025fc       0x70 CMakeFiles/CtrBoard-H7_ALL.elf.dir/Core/Src/usart.c.obj
                0x080025fc                MX_USART3_UART_Init
 .text.MX_USART10_UART_Init
                0x0800266c       0x68 CMakeFiles/CtrBoard-H7_ALL.elf.dir/Core/Src/usart.c.obj
                0x0800266c                MX_USART10_UART_Init
 .text.HAL_UART_MspInit
                0x080026d4      0x43c CMakeFiles/CtrBoard-H7_ALL.elf.dir/Core/Src/usart.c.obj
                0x080026d4                HAL_UART_MspInit
 .text.Reset_Handler
                0x08002b10       0x50 CMakeFiles/CtrBoard-H7_ALL.elf.dir/Core/Startup/startup_stm32h723vgtx.s.obj
                0x08002b10                Reset_Handler
 .text.Default_Handler
                0x08002b60        0x2 CMakeFiles/CtrBoard-H7_ALL.elf.dir/Core/Startup/startup_stm32h723vgtx.s.obj
                0x08002b60                RTC_Alarm_IRQHandler
                0x08002b60                EXTI2_IRQHandler
                0x08002b60                TIM8_CC_IRQHandler
                0x08002b60                UART8_IRQHandler
                0x08002b60                SPI4_IRQHandler
                0x08002b60                TIM1_CC_IRQHandler
                0x08002b60                BDMA_Channel6_IRQHandler
                0x08002b60                CORDIC_IRQHandler
                0x08002b60                BDMA_Channel1_IRQHandler
                0x08002b60                TAMP_STAMP_IRQHandler
                0x08002b60                EXTI3_IRQHandler
                0x08002b60                LPTIM4_IRQHandler
                0x08002b60                TIM8_TRG_COM_TIM14_IRQHandler
                0x08002b60                LPTIM2_IRQHandler
                0x08002b60                DFSDM1_FLT1_IRQHandler
                0x08002b60                DMAMUX2_OVR_IRQHandler
                0x08002b60                TIM8_UP_TIM13_IRQHandler
                0x08002b60                I2C3_ER_IRQHandler
                0x08002b60                DFSDM1_FLT2_IRQHandler
                0x08002b60                I2C5_EV_IRQHandler
                0x08002b60                MDMA_IRQHandler
                0x08002b60                LPTIM3_IRQHandler
                0x08002b60                HSEM1_IRQHandler
                0x08002b60                EXTI0_IRQHandler
                0x08002b60                I2C2_EV_IRQHandler
                0x08002b60                FPU_IRQHandler
                0x08002b60                OTG_HS_WKUP_IRQHandler
                0x08002b60                FDCAN1_IT1_IRQHandler
                0x08002b60                LTDC_ER_IRQHandler
                0x08002b60                SPI1_IRQHandler
                0x08002b60                OCTOSPI1_IRQHandler
                0x08002b60                TIM6_DAC_IRQHandler
                0x08002b60                OCTOSPI2_IRQHandler
                0x08002b60                DFSDM1_FLT3_IRQHandler
                0x08002b60                USART6_IRQHandler
                0x08002b60                TIM17_IRQHandler
                0x08002b60                BDMA_Channel7_IRQHandler
                0x08002b60                LPTIM5_IRQHandler
                0x08002b60                ADC3_IRQHandler
                0x08002b60                BDMA_Channel2_IRQHandler
                0x08002b60                I2C1_EV_IRQHandler
                0x08002b60                DMA1_Stream6_IRQHandler
                0x08002b60                DMAMUX1_OVR_IRQHandler
                0x08002b60                DMA1_Stream1_IRQHandler
                0x08002b60                TIM16_IRQHandler
                0x08002b60                UART4_IRQHandler
                0x08002b60                BDMA_Channel5_IRQHandler
                0x08002b60                TIM3_IRQHandler
                0x08002b60                RCC_IRQHandler
                0x08002b60                UART9_IRQHandler
                0x08002b60                TIM8_BRK_TIM12_IRQHandler
                0x08002b60                TIM1_TRG_COM_IRQHandler
                0x08002b60                Default_Handler
                0x08002b60                ECC_IRQHandler
                0x08002b60                FMAC_IRQHandler
                0x08002b60                CEC_IRQHandler
                0x08002b60                EXTI15_10_IRQHandler
                0x08002b60                BDMA_Channel0_IRQHandler
                0x08002b60                ADC_IRQHandler
                0x08002b60                I2C5_ER_IRQHandler
                0x08002b60                DMA1_Stream7_IRQHandler
                0x08002b60                SPI5_IRQHandler
                0x08002b60                TIM7_IRQHandler
                0x08002b60                FDCAN3_IT1_IRQHandler
                0x08002b60                SDMMC1_IRQHandler
                0x08002b60                TIM5_IRQHandler
                0x08002b60                DMA2_Stream7_IRQHandler
                0x08002b60                TIM15_IRQHandler
                0x08002b60                PVD_AVD_IRQHandler
                0x08002b60                I2C3_EV_IRQHandler
                0x08002b60                EXTI9_5_IRQHandler
                0x08002b60                RTC_WKUP_IRQHandler
                0x08002b60                LTDC_IRQHandler
                0x08002b60                ETH_WKUP_IRQHandler
                0x08002b60                SPDIF_RX_IRQHandler
                0x08002b60                OTG_HS_EP1_IN_IRQHandler
                0x08002b60                DMA1_Stream0_IRQHandler
                0x08002b60                TIM24_IRQHandler
                0x08002b60                CRS_IRQHandler
                0x08002b60                EXTI4_IRQHandler
                0x08002b60                RNG_IRQHandler
                0x08002b60                ETH_IRQHandler
                0x08002b60                TIM1_UP_IRQHandler
                0x08002b60                BDMA_Channel4_IRQHandler
                0x08002b60                OTG_HS_EP1_OUT_IRQHandler
                0x08002b60                WWDG_IRQHandler
                0x08002b60                SPI6_IRQHandler
                0x08002b60                MDIOS_IRQHandler
                0x08002b60                I2C4_EV_IRQHandler
                0x08002b60                FDCAN2_IT0_IRQHandler
                0x08002b60                LPUART1_IRQHandler
                0x08002b60                TIM2_IRQHandler
                0x08002b60                DMA2D_IRQHandler
                0x08002b60                TIM1_BRK_IRQHandler
                0x08002b60                EXTI1_IRQHandler
                0x08002b60                SDMMC2_IRQHandler
                0x08002b60                BDMA_Channel3_IRQHandler
                0x08002b60                DTS_IRQHandler
                0x08002b60                UART7_IRQHandler
                0x08002b60                MDIOS_WKUP_IRQHandler
                0x08002b60                DFSDM1_FLT0_IRQHandler
                0x08002b60                SAI4_IRQHandler
                0x08002b60                I2C2_ER_IRQHandler
                0x08002b60                FLASH_IRQHandler
                0x08002b60                DMA2_Stream4_IRQHandler
                0x08002b60                USART1_IRQHandler
                0x08002b60                SPI3_IRQHandler
                0x08002b60                WAKEUP_PIN_IRQHandler
                0x08002b60                I2C1_ER_IRQHandler
                0x08002b60                FMC_IRQHandler
                0x08002b60                FDCAN_CAL_IRQHandler
                0x08002b60                SWPMI1_IRQHandler
                0x08002b60                COMP1_IRQHandler
                0x08002b60                LPTIM1_IRQHandler
                0x08002b60                DCMI_PSSI_IRQHandler
                0x08002b60                I2C4_ER_IRQHandler
                0x08002b60                DMA2_Stream6_IRQHandler
                0x08002b60                SAI1_IRQHandler
                0x08002b60                DMA1_Stream3_IRQHandler
 *fill*         0x08002b62        0x2 
 .text.HAL_Init
                0x08002b64       0x5c CMakeFiles/CtrBoard-H7_ALL.elf.dir/Drivers/STM32H7xx_HAL_Driver/Src/stm32h7xx_hal.c.obj
                0x08002b64                HAL_Init
 .text.HAL_IncTick
                0x08002bc0       0x18 CMakeFiles/CtrBoard-H7_ALL.elf.dir/Drivers/STM32H7xx_HAL_Driver/Src/stm32h7xx_hal.c.obj
                0x08002bc0                HAL_IncTick
 .text.HAL_GetTick
                0x08002bd8        0xc CMakeFiles/CtrBoard-H7_ALL.elf.dir/Drivers/STM32H7xx_HAL_Driver/Src/stm32h7xx_hal.c.obj
                0x08002bd8                HAL_GetTick
 .text.HAL_Delay
                0x08002be4       0x28 CMakeFiles/CtrBoard-H7_ALL.elf.dir/Drivers/STM32H7xx_HAL_Driver/Src/stm32h7xx_hal.c.obj
                0x08002be4                HAL_Delay
 .text.HAL_SYSCFG_AnalogSwitchConfig
                0x08002c0c       0x14 CMakeFiles/CtrBoard-H7_ALL.elf.dir/Drivers/STM32H7xx_HAL_Driver/Src/stm32h7xx_hal.c.obj
                0x08002c0c                HAL_SYSCFG_AnalogSwitchConfig
 .text.HAL_NVIC_SetPriorityGrouping
                0x08002c20       0x24 CMakeFiles/CtrBoard-H7_ALL.elf.dir/Drivers/STM32H7xx_HAL_Driver/Src/stm32h7xx_hal_cortex.c.obj
                0x08002c20                HAL_NVIC_SetPriorityGrouping
 .text.HAL_NVIC_SetPriority
                0x08002c44       0x6c CMakeFiles/CtrBoard-H7_ALL.elf.dir/Drivers/STM32H7xx_HAL_Driver/Src/stm32h7xx_hal_cortex.c.obj
                0x08002c44                HAL_NVIC_SetPriority
 .text.HAL_NVIC_EnableIRQ
                0x08002cb0       0x1c CMakeFiles/CtrBoard-H7_ALL.elf.dir/Drivers/STM32H7xx_HAL_Driver/Src/stm32h7xx_hal_cortex.c.obj
                0x08002cb0                HAL_NVIC_EnableIRQ
 .text.DMA_SetConfig
                0x08002ccc      0x1b4 CMakeFiles/CtrBoard-H7_ALL.elf.dir/Drivers/STM32H7xx_HAL_Driver/Src/stm32h7xx_hal_dma.c.obj
 .text.DMA_CalcBaseAndBitshift
                0x08002e80       0xb4 CMakeFiles/CtrBoard-H7_ALL.elf.dir/Drivers/STM32H7xx_HAL_Driver/Src/stm32h7xx_hal_dma.c.obj
 .text.DMA_CheckFifoParam
                0x08002f34       0x92 CMakeFiles/CtrBoard-H7_ALL.elf.dir/Drivers/STM32H7xx_HAL_Driver/Src/stm32h7xx_hal_dma.c.obj
 *fill*         0x08002fc6        0x2 
 .text.DMA_CalcDMAMUXChannelBaseAndMask
                0x08002fc8       0xb0 CMakeFiles/CtrBoard-H7_ALL.elf.dir/Drivers/STM32H7xx_HAL_Driver/Src/stm32h7xx_hal_dma.c.obj
 .text.DMA_CalcDMAMUXRequestGenBaseAndMask
                0x08003078       0x7c CMakeFiles/CtrBoard-H7_ALL.elf.dir/Drivers/STM32H7xx_HAL_Driver/Src/stm32h7xx_hal_dma.c.obj
 .text.HAL_DMA_Init
                0x080030f4      0x394 CMakeFiles/CtrBoard-H7_ALL.elf.dir/Drivers/STM32H7xx_HAL_Driver/Src/stm32h7xx_hal_dma.c.obj
                0x080030f4                HAL_DMA_Init
 .text.HAL_DMA_Start_IT
                0x08003488      0x298 CMakeFiles/CtrBoard-H7_ALL.elf.dir/Drivers/STM32H7xx_HAL_Driver/Src/stm32h7xx_hal_dma.c.obj
                0x08003488                HAL_DMA_Start_IT
 .text.HAL_DMA_Abort
                0x08003720      0x340 CMakeFiles/CtrBoard-H7_ALL.elf.dir/Drivers/STM32H7xx_HAL_Driver/Src/stm32h7xx_hal_dma.c.obj
                0x08003720                HAL_DMA_Abort
 .text.HAL_DMA_Abort_IT
                0x08003a60      0x270 CMakeFiles/CtrBoard-H7_ALL.elf.dir/Drivers/STM32H7xx_HAL_Driver/Src/stm32h7xx_hal_dma.c.obj
                0x08003a60                HAL_DMA_Abort_IT
 .text.HAL_DMA_IRQHandler
                0x08003cd0      0x738 CMakeFiles/CtrBoard-H7_ALL.elf.dir/Drivers/STM32H7xx_HAL_Driver/Src/stm32h7xx_hal_dma.c.obj
                0x08003cd0                HAL_DMA_IRQHandler
 .text.FDCAN_CalcultateRamBlockAddresses
                0x08004408      0x1d4 CMakeFiles/CtrBoard-H7_ALL.elf.dir/Drivers/STM32H7xx_HAL_Driver/Src/stm32h7xx_hal_fdcan.c.obj
 .text.FDCAN_CopyMessageToRAM
                0x080045dc       0x8c CMakeFiles/CtrBoard-H7_ALL.elf.dir/Drivers/STM32H7xx_HAL_Driver/Src/stm32h7xx_hal_fdcan.c.obj
 .text.HAL_FDCAN_Init
                0x08004668      0x294 CMakeFiles/CtrBoard-H7_ALL.elf.dir/Drivers/STM32H7xx_HAL_Driver/Src/stm32h7xx_hal_fdcan.c.obj
                0x08004668                HAL_FDCAN_Init
 .text.HAL_FDCAN_ConfigFilter
                0x080048fc       0x88 CMakeFiles/CtrBoard-H7_ALL.elf.dir/Drivers/STM32H7xx_HAL_Driver/Src/stm32h7xx_hal_fdcan.c.obj
                0x080048fc                HAL_FDCAN_ConfigFilter
 .text.HAL_FDCAN_ConfigGlobalFilter
                0x08004984       0x36 CMakeFiles/CtrBoard-H7_ALL.elf.dir/Drivers/STM32H7xx_HAL_Driver/Src/stm32h7xx_hal_fdcan.c.obj
                0x08004984                HAL_FDCAN_ConfigGlobalFilter
 .text.HAL_FDCAN_Start
                0x080049ba       0x34 CMakeFiles/CtrBoard-H7_ALL.elf.dir/Drivers/STM32H7xx_HAL_Driver/Src/stm32h7xx_hal_fdcan.c.obj
                0x080049ba                HAL_FDCAN_Start
 .text.HAL_FDCAN_AddMessageToTxFifoQ
                0x080049ee       0x76 CMakeFiles/CtrBoard-H7_ALL.elf.dir/Drivers/STM32H7xx_HAL_Driver/Src/stm32h7xx_hal_fdcan.c.obj
                0x080049ee                HAL_FDCAN_AddMessageToTxFifoQ
 .text.HAL_FDCAN_GetRxMessage
                0x08004a64      0x1e8 CMakeFiles/CtrBoard-H7_ALL.elf.dir/Drivers/STM32H7xx_HAL_Driver/Src/stm32h7xx_hal_fdcan.c.obj
                0x08004a64                HAL_FDCAN_GetRxMessage
 .text.HAL_FDCAN_GetRxFifoFillLevel
                0x08004c4c       0x1c CMakeFiles/CtrBoard-H7_ALL.elf.dir/Drivers/STM32H7xx_HAL_Driver/Src/stm32h7xx_hal_fdcan.c.obj
                0x08004c4c                HAL_FDCAN_GetRxFifoFillLevel
 .text.HAL_FDCAN_GetTxFifoFreeLevel
                0x08004c68        0xc CMakeFiles/CtrBoard-H7_ALL.elf.dir/Drivers/STM32H7xx_HAL_Driver/Src/stm32h7xx_hal_fdcan.c.obj
                0x08004c68                HAL_FDCAN_GetTxFifoFreeLevel
 .text.HAL_FDCAN_ActivateNotification
                0x08004c74       0x90 CMakeFiles/CtrBoard-H7_ALL.elf.dir/Drivers/STM32H7xx_HAL_Driver/Src/stm32h7xx_hal_fdcan.c.obj
                0x08004c74                HAL_FDCAN_ActivateNotification
 .text.HAL_FDCAN_ClockCalibrationCallback
                0x08004d04        0x2 CMakeFiles/CtrBoard-H7_ALL.elf.dir/Drivers/STM32H7xx_HAL_Driver/Src/stm32h7xx_hal_fdcan.c.obj
                0x08004d04                HAL_FDCAN_ClockCalibrationCallback
 .text.HAL_FDCAN_TxEventFifoCallback
                0x08004d06        0x2 CMakeFiles/CtrBoard-H7_ALL.elf.dir/Drivers/STM32H7xx_HAL_Driver/Src/stm32h7xx_hal_fdcan.c.obj
                0x08004d06                HAL_FDCAN_TxEventFifoCallback
 .text.HAL_FDCAN_TxFifoEmptyCallback
                0x08004d08        0x2 CMakeFiles/CtrBoard-H7_ALL.elf.dir/Drivers/STM32H7xx_HAL_Driver/Src/stm32h7xx_hal_fdcan.c.obj
                0x08004d08                HAL_FDCAN_TxFifoEmptyCallback
 .text.HAL_FDCAN_TxBufferCompleteCallback
                0x08004d0a        0x2 CMakeFiles/CtrBoard-H7_ALL.elf.dir/Drivers/STM32H7xx_HAL_Driver/Src/stm32h7xx_hal_fdcan.c.obj
                0x08004d0a                HAL_FDCAN_TxBufferCompleteCallback
 .text.HAL_FDCAN_TxBufferAbortCallback
                0x08004d0c        0x2 CMakeFiles/CtrBoard-H7_ALL.elf.dir/Drivers/STM32H7xx_HAL_Driver/Src/stm32h7xx_hal_fdcan.c.obj
                0x08004d0c                HAL_FDCAN_TxBufferAbortCallback
 .text.HAL_FDCAN_RxBufferNewMessageCallback
                0x08004d0e        0x2 CMakeFiles/CtrBoard-H7_ALL.elf.dir/Drivers/STM32H7xx_HAL_Driver/Src/stm32h7xx_hal_fdcan.c.obj
                0x08004d0e                HAL_FDCAN_RxBufferNewMessageCallback
 .text.HAL_FDCAN_TimestampWraparoundCallback
                0x08004d10        0x2 CMakeFiles/CtrBoard-H7_ALL.elf.dir/Drivers/STM32H7xx_HAL_Driver/Src/stm32h7xx_hal_fdcan.c.obj
                0x08004d10                HAL_FDCAN_TimestampWraparoundCallback
 .text.HAL_FDCAN_TimeoutOccurredCallback
                0x08004d12        0x2 CMakeFiles/CtrBoard-H7_ALL.elf.dir/Drivers/STM32H7xx_HAL_Driver/Src/stm32h7xx_hal_fdcan.c.obj
                0x08004d12                HAL_FDCAN_TimeoutOccurredCallback
 .text.HAL_FDCAN_HighPriorityMessageCallback
                0x08004d14        0x2 CMakeFiles/CtrBoard-H7_ALL.elf.dir/Drivers/STM32H7xx_HAL_Driver/Src/stm32h7xx_hal_fdcan.c.obj
                0x08004d14                HAL_FDCAN_HighPriorityMessageCallback
 .text.HAL_FDCAN_ErrorCallback
                0x08004d16        0x2 CMakeFiles/CtrBoard-H7_ALL.elf.dir/Drivers/STM32H7xx_HAL_Driver/Src/stm32h7xx_hal_fdcan.c.obj
                0x08004d16                HAL_FDCAN_ErrorCallback
 .text.HAL_FDCAN_ErrorStatusCallback
                0x08004d18        0x2 CMakeFiles/CtrBoard-H7_ALL.elf.dir/Drivers/STM32H7xx_HAL_Driver/Src/stm32h7xx_hal_fdcan.c.obj
                0x08004d18                HAL_FDCAN_ErrorStatusCallback
 .text.HAL_FDCAN_TT_ScheduleSyncCallback
                0x08004d1a        0x2 CMakeFiles/CtrBoard-H7_ALL.elf.dir/Drivers/STM32H7xx_HAL_Driver/Src/stm32h7xx_hal_fdcan.c.obj
                0x08004d1a                HAL_FDCAN_TT_ScheduleSyncCallback
 .text.HAL_FDCAN_TT_TimeMarkCallback
                0x08004d1c        0x2 CMakeFiles/CtrBoard-H7_ALL.elf.dir/Drivers/STM32H7xx_HAL_Driver/Src/stm32h7xx_hal_fdcan.c.obj
                0x08004d1c                HAL_FDCAN_TT_TimeMarkCallback
 .text.HAL_FDCAN_TT_StopWatchCallback
                0x08004d1e        0x2 CMakeFiles/CtrBoard-H7_ALL.elf.dir/Drivers/STM32H7xx_HAL_Driver/Src/stm32h7xx_hal_fdcan.c.obj
                0x08004d1e                HAL_FDCAN_TT_StopWatchCallback
 .text.HAL_FDCAN_TT_GlobalTimeCallback
                0x08004d20        0x2 CMakeFiles/CtrBoard-H7_ALL.elf.dir/Drivers/STM32H7xx_HAL_Driver/Src/stm32h7xx_hal_fdcan.c.obj
                0x08004d20                HAL_FDCAN_TT_GlobalTimeCallback
 *fill*         0x08004d22        0x2 
 .text.HAL_FDCAN_IRQHandler
                0x08004d24      0x31c CMakeFiles/CtrBoard-H7_ALL.elf.dir/Drivers/STM32H7xx_HAL_Driver/Src/stm32h7xx_hal_fdcan.c.obj
                0x08004d24                HAL_FDCAN_IRQHandler
 .text.HAL_GPIO_Init
                0x08005040      0x214 CMakeFiles/CtrBoard-H7_ALL.elf.dir/Drivers/STM32H7xx_HAL_Driver/Src/stm32h7xx_hal_gpio.c.obj
                0x08005040                HAL_GPIO_Init
 .text.HAL_GPIO_WritePin
                0x08005254        0xc CMakeFiles/CtrBoard-H7_ALL.elf.dir/Drivers/STM32H7xx_HAL_Driver/Src/stm32h7xx_hal_gpio.c.obj
                0x08005254                HAL_GPIO_WritePin
 .text.PCD_WriteEmptyTxFifo
                0x08005260       0xd0 CMakeFiles/CtrBoard-H7_ALL.elf.dir/Drivers/STM32H7xx_HAL_Driver/Src/stm32h7xx_hal_pcd.c.obj
 .text.HAL_PCD_Init
                0x08005330      0x102 CMakeFiles/CtrBoard-H7_ALL.elf.dir/Drivers/STM32H7xx_HAL_Driver/Src/stm32h7xx_hal_pcd.c.obj
                0x08005330                HAL_PCD_Init
 .text.HAL_PCD_Start
                0x08005432       0x44 CMakeFiles/CtrBoard-H7_ALL.elf.dir/Drivers/STM32H7xx_HAL_Driver/Src/stm32h7xx_hal_pcd.c.obj
                0x08005432                HAL_PCD_Start
 *fill*         0x08005476        0x2 
 .text.PCD_EP_OutXfrComplete_int
                0x08005478      0x104 CMakeFiles/CtrBoard-H7_ALL.elf.dir/Drivers/STM32H7xx_HAL_Driver/Src/stm32h7xx_hal_pcd.c.obj
 .text.PCD_EP_OutSetupPacket_int
                0x0800557c       0x50 CMakeFiles/CtrBoard-H7_ALL.elf.dir/Drivers/STM32H7xx_HAL_Driver/Src/stm32h7xx_hal_pcd.c.obj
 .text.HAL_PCD_SetAddress
                0x080055cc       0x26 CMakeFiles/CtrBoard-H7_ALL.elf.dir/Drivers/STM32H7xx_HAL_Driver/Src/stm32h7xx_hal_pcd.c.obj
                0x080055cc                HAL_PCD_SetAddress
 .text.HAL_PCD_EP_Open
                0x080055f2       0x8c CMakeFiles/CtrBoard-H7_ALL.elf.dir/Drivers/STM32H7xx_HAL_Driver/Src/stm32h7xx_hal_pcd.c.obj
                0x080055f2                HAL_PCD_EP_Open
 .text.HAL_PCD_EP_Close
                0x0800567e       0x70 CMakeFiles/CtrBoard-H7_ALL.elf.dir/Drivers/STM32H7xx_HAL_Driver/Src/stm32h7xx_hal_pcd.c.obj
                0x0800567e                HAL_PCD_EP_Close
 .text.HAL_PCD_EP_Receive
                0x080056ee       0x4a CMakeFiles/CtrBoard-H7_ALL.elf.dir/Drivers/STM32H7xx_HAL_Driver/Src/stm32h7xx_hal_pcd.c.obj
                0x080056ee                HAL_PCD_EP_Receive
 .text.HAL_PCD_EP_GetRxCount
                0x08005738       0x12 CMakeFiles/CtrBoard-H7_ALL.elf.dir/Drivers/STM32H7xx_HAL_Driver/Src/stm32h7xx_hal_pcd.c.obj
                0x08005738                HAL_PCD_EP_GetRxCount
 .text.HAL_PCD_EP_Transmit
                0x0800574a       0x4a CMakeFiles/CtrBoard-H7_ALL.elf.dir/Drivers/STM32H7xx_HAL_Driver/Src/stm32h7xx_hal_pcd.c.obj
                0x0800574a                HAL_PCD_EP_Transmit
 .text.HAL_PCD_EP_SetStall
                0x08005794       0x86 CMakeFiles/CtrBoard-H7_ALL.elf.dir/Drivers/STM32H7xx_HAL_Driver/Src/stm32h7xx_hal_pcd.c.obj
                0x08005794                HAL_PCD_EP_SetStall
 .text.HAL_PCD_EP_ClrStall
                0x0800581a       0x74 CMakeFiles/CtrBoard-H7_ALL.elf.dir/Drivers/STM32H7xx_HAL_Driver/Src/stm32h7xx_hal_pcd.c.obj
                0x0800581a                HAL_PCD_EP_ClrStall
 .text.HAL_PCD_EP_Abort
                0x0800588e       0x34 CMakeFiles/CtrBoard-H7_ALL.elf.dir/Drivers/STM32H7xx_HAL_Driver/Src/stm32h7xx_hal_pcd.c.obj
                0x0800588e                HAL_PCD_EP_Abort
 .text.HAL_PCD_IRQHandler
                0x080058c2      0x5fc CMakeFiles/CtrBoard-H7_ALL.elf.dir/Drivers/STM32H7xx_HAL_Driver/Src/stm32h7xx_hal_pcd.c.obj
                0x080058c2                HAL_PCD_IRQHandler
 .text.HAL_PCDEx_SetTxFiFo
                0x08005ebe       0x4c CMakeFiles/CtrBoard-H7_ALL.elf.dir/Drivers/STM32H7xx_HAL_Driver/Src/stm32h7xx_hal_pcd_ex.c.obj
                0x08005ebe                HAL_PCDEx_SetTxFiFo
 .text.HAL_PCDEx_SetRxFiFo
                0x08005f0a        0x8 CMakeFiles/CtrBoard-H7_ALL.elf.dir/Drivers/STM32H7xx_HAL_Driver/Src/stm32h7xx_hal_pcd_ex.c.obj
                0x08005f0a                HAL_PCDEx_SetRxFiFo
 *fill*         0x08005f12        0x2 
 .text.HAL_PCDEx_ActivateLPM
                0x08005f14       0x28 CMakeFiles/CtrBoard-H7_ALL.elf.dir/Drivers/STM32H7xx_HAL_Driver/Src/stm32h7xx_hal_pcd_ex.c.obj
                0x08005f14                HAL_PCDEx_ActivateLPM
 .text.HAL_PCDEx_LPM_Callback
                0x08005f3c        0x2 CMakeFiles/CtrBoard-H7_ALL.elf.dir/Drivers/STM32H7xx_HAL_Driver/Src/stm32h7xx_hal_pcd_ex.c.obj
                0x08005f3c                HAL_PCDEx_LPM_Callback
 *fill*         0x08005f3e        0x2 
 .text.HAL_PWREx_ConfigSupply
                0x08005f40       0x54 CMakeFiles/CtrBoard-H7_ALL.elf.dir/Drivers/STM32H7xx_HAL_Driver/Src/stm32h7xx_hal_pwr_ex.c.obj
                0x08005f40                HAL_PWREx_ConfigSupply
 .text.HAL_PWREx_EnableUSBVoltageDetector
                0x08005f94       0x10 CMakeFiles/CtrBoard-H7_ALL.elf.dir/Drivers/STM32H7xx_HAL_Driver/Src/stm32h7xx_hal_pwr_ex.c.obj
                0x08005f94                HAL_PWREx_EnableUSBVoltageDetector
 .text.HAL_RCC_OscConfig
                0x08005fa4      0x5ec CMakeFiles/CtrBoard-H7_ALL.elf.dir/Drivers/STM32H7xx_HAL_Driver/Src/stm32h7xx_hal_rcc.c.obj
                0x08005fa4                HAL_RCC_OscConfig
 .text.HAL_RCC_MCOConfig
                0x08006590       0xa4 CMakeFiles/CtrBoard-H7_ALL.elf.dir/Drivers/STM32H7xx_HAL_Driver/Src/stm32h7xx_hal_rcc.c.obj
                0x08006590                HAL_RCC_MCOConfig
 .text.HAL_RCC_GetSysClockFreq
                0x08006634      0x1f4 CMakeFiles/CtrBoard-H7_ALL.elf.dir/Drivers/STM32H7xx_HAL_Driver/Src/stm32h7xx_hal_rcc.c.obj
                0x08006634                HAL_RCC_GetSysClockFreq
 .text.HAL_RCC_ClockConfig
                0x08006828      0x294 CMakeFiles/CtrBoard-H7_ALL.elf.dir/Drivers/STM32H7xx_HAL_Driver/Src/stm32h7xx_hal_rcc.c.obj
                0x08006828                HAL_RCC_ClockConfig
 .text.HAL_RCC_GetHCLKFreq
                0x08006abc       0x44 CMakeFiles/CtrBoard-H7_ALL.elf.dir/Drivers/STM32H7xx_HAL_Driver/Src/stm32h7xx_hal_rcc.c.obj
                0x08006abc                HAL_RCC_GetHCLKFreq
 .text.HAL_RCC_GetPCLK1Freq
                0x08006b00       0x24 CMakeFiles/CtrBoard-H7_ALL.elf.dir/Drivers/STM32H7xx_HAL_Driver/Src/stm32h7xx_hal_rcc.c.obj
                0x08006b00                HAL_RCC_GetPCLK1Freq
 .text.HAL_RCC_GetPCLK2Freq
                0x08006b24       0x24 CMakeFiles/CtrBoard-H7_ALL.elf.dir/Drivers/STM32H7xx_HAL_Driver/Src/stm32h7xx_hal_rcc.c.obj
                0x08006b24                HAL_RCC_GetPCLK2Freq
 .text.HAL_RCC_GetClockConfig
                0x08006b48       0x54 CMakeFiles/CtrBoard-H7_ALL.elf.dir/Drivers/STM32H7xx_HAL_Driver/Src/stm32h7xx_hal_rcc.c.obj
                0x08006b48                HAL_RCC_GetClockConfig
 .text.RCCEx_PLL2_Config
                0x08006b9c      0x10c CMakeFiles/CtrBoard-H7_ALL.elf.dir/Drivers/STM32H7xx_HAL_Driver/Src/stm32h7xx_hal_rcc_ex.c.obj
 .text.RCCEx_PLL3_Config
                0x08006ca8      0x10c CMakeFiles/CtrBoard-H7_ALL.elf.dir/Drivers/STM32H7xx_HAL_Driver/Src/stm32h7xx_hal_rcc_ex.c.obj
 .text.HAL_RCCEx_PeriphCLKConfig
                0x08006db4      0xa0c CMakeFiles/CtrBoard-H7_ALL.elf.dir/Drivers/STM32H7xx_HAL_Driver/Src/stm32h7xx_hal_rcc_ex.c.obj
                0x08006db4                HAL_RCCEx_PeriphCLKConfig
 .text.HAL_RCCEx_GetD3PCLK1Freq
                0x080077c0       0x24 CMakeFiles/CtrBoard-H7_ALL.elf.dir/Drivers/STM32H7xx_HAL_Driver/Src/stm32h7xx_hal_rcc_ex.c.obj
                0x080077c0                HAL_RCCEx_GetD3PCLK1Freq
 .text.HAL_RCCEx_GetPLL2ClockFreq
                0x080077e4      0x1f8 CMakeFiles/CtrBoard-H7_ALL.elf.dir/Drivers/STM32H7xx_HAL_Driver/Src/stm32h7xx_hal_rcc_ex.c.obj
                0x080077e4                HAL_RCCEx_GetPLL2ClockFreq
 .text.HAL_RCCEx_GetPLL3ClockFreq
                0x080079dc      0x1f8 CMakeFiles/CtrBoard-H7_ALL.elf.dir/Drivers/STM32H7xx_HAL_Driver/Src/stm32h7xx_hal_rcc_ex.c.obj
                0x080079dc                HAL_RCCEx_GetPLL3ClockFreq
 .text.SPI_CloseTransfer
                0x08007bd4       0xd0 CMakeFiles/CtrBoard-H7_ALL.elf.dir/Drivers/STM32H7xx_HAL_Driver/Src/stm32h7xx_hal_spi.c.obj
 .text.SPI_GetPacketSize
                0x08007ca4       0x10 CMakeFiles/CtrBoard-H7_ALL.elf.dir/Drivers/STM32H7xx_HAL_Driver/Src/stm32h7xx_hal_spi.c.obj
 .text.SPI_WaitOnFlagUntilTimeout
                0x08007cb4       0x46 CMakeFiles/CtrBoard-H7_ALL.elf.dir/Drivers/STM32H7xx_HAL_Driver/Src/stm32h7xx_hal_spi.c.obj
 *fill*         0x08007cfa        0x2 
 .text.HAL_SPI_Init
                0x08007cfc      0x190 CMakeFiles/CtrBoard-H7_ALL.elf.dir/Drivers/STM32H7xx_HAL_Driver/Src/stm32h7xx_hal_spi.c.obj
                0x08007cfc                HAL_SPI_Init
 .text.HAL_SPI_Transmit
                0x08007e8c      0x2c4 CMakeFiles/CtrBoard-H7_ALL.elf.dir/Drivers/STM32H7xx_HAL_Driver/Src/stm32h7xx_hal_spi.c.obj
                0x08007e8c                HAL_SPI_Transmit
 .text.HAL_SPI_TransmitReceive
                0x08008150      0x494 CMakeFiles/CtrBoard-H7_ALL.elf.dir/Drivers/STM32H7xx_HAL_Driver/Src/stm32h7xx_hal_spi.c.obj
                0x08008150                HAL_SPI_TransmitReceive
 .text.HAL_SPI_TxCpltCallback
                0x080085e4        0x2 CMakeFiles/CtrBoard-H7_ALL.elf.dir/Drivers/STM32H7xx_HAL_Driver/Src/stm32h7xx_hal_spi.c.obj
                0x080085e4                HAL_SPI_TxCpltCallback
 .text.HAL_SPI_RxCpltCallback
                0x080085e6        0x2 CMakeFiles/CtrBoard-H7_ALL.elf.dir/Drivers/STM32H7xx_HAL_Driver/Src/stm32h7xx_hal_spi.c.obj
                0x080085e6                HAL_SPI_RxCpltCallback
 .text.HAL_SPI_TxRxCpltCallback
                0x080085e8        0x2 CMakeFiles/CtrBoard-H7_ALL.elf.dir/Drivers/STM32H7xx_HAL_Driver/Src/stm32h7xx_hal_spi.c.obj
                0x080085e8                HAL_SPI_TxRxCpltCallback
 .text.HAL_SPI_ErrorCallback
                0x080085ea        0x2 CMakeFiles/CtrBoard-H7_ALL.elf.dir/Drivers/STM32H7xx_HAL_Driver/Src/stm32h7xx_hal_spi.c.obj
                0x080085ea                HAL_SPI_ErrorCallback
 .text.SPI_DMAAbortOnError
                0x080085ec       0x1a CMakeFiles/CtrBoard-H7_ALL.elf.dir/Drivers/STM32H7xx_HAL_Driver/Src/stm32h7xx_hal_spi.c.obj
 .text.HAL_SPI_SuspendCallback
                0x08008606        0x2 CMakeFiles/CtrBoard-H7_ALL.elf.dir/Drivers/STM32H7xx_HAL_Driver/Src/stm32h7xx_hal_spi.c.obj
                0x08008606                HAL_SPI_SuspendCallback
 .text.HAL_SPI_IRQHandler
                0x08008608      0x240 CMakeFiles/CtrBoard-H7_ALL.elf.dir/Drivers/STM32H7xx_HAL_Driver/Src/stm32h7xx_hal_spi.c.obj
                0x08008608                HAL_SPI_IRQHandler
 .text.TIM_OC1_SetConfig
                0x08008848       0xa8 CMakeFiles/CtrBoard-H7_ALL.elf.dir/Drivers/STM32H7xx_HAL_Driver/Src/stm32h7xx_hal_tim.c.obj
 .text.TIM_OC3_SetConfig
                0x080088f0       0x94 CMakeFiles/CtrBoard-H7_ALL.elf.dir/Drivers/STM32H7xx_HAL_Driver/Src/stm32h7xx_hal_tim.c.obj
 .text.TIM_OC4_SetConfig
                0x08008984       0x74 CMakeFiles/CtrBoard-H7_ALL.elf.dir/Drivers/STM32H7xx_HAL_Driver/Src/stm32h7xx_hal_tim.c.obj
 .text.TIM_OC5_SetConfig
                0x080089f8       0x74 CMakeFiles/CtrBoard-H7_ALL.elf.dir/Drivers/STM32H7xx_HAL_Driver/Src/stm32h7xx_hal_tim.c.obj
 .text.TIM_OC6_SetConfig
                0x08008a6c       0x74 CMakeFiles/CtrBoard-H7_ALL.elf.dir/Drivers/STM32H7xx_HAL_Driver/Src/stm32h7xx_hal_tim.c.obj
 .text.TIM_TI1_ConfigInputStage
                0x08008ae0       0x26 CMakeFiles/CtrBoard-H7_ALL.elf.dir/Drivers/STM32H7xx_HAL_Driver/Src/stm32h7xx_hal_tim.c.obj
 .text.TIM_TI2_ConfigInputStage
                0x08008b06       0x28 CMakeFiles/CtrBoard-H7_ALL.elf.dir/Drivers/STM32H7xx_HAL_Driver/Src/stm32h7xx_hal_tim.c.obj
 *fill*         0x08008b2e        0x2 
 .text.TIM_ITRx_SetConfig
                0x08008b30       0x14 CMakeFiles/CtrBoard-H7_ALL.elf.dir/Drivers/STM32H7xx_HAL_Driver/Src/stm32h7xx_hal_tim.c.obj
 .text.HAL_TIM_Base_Start_IT
                0x08008b44       0xa0 CMakeFiles/CtrBoard-H7_ALL.elf.dir/Drivers/STM32H7xx_HAL_Driver/Src/stm32h7xx_hal_tim.c.obj
                0x08008b44                HAL_TIM_Base_Start_IT
 .text.HAL_TIM_OC_DelayElapsedCallback
                0x08008be4        0x2 CMakeFiles/CtrBoard-H7_ALL.elf.dir/Drivers/STM32H7xx_HAL_Driver/Src/stm32h7xx_hal_tim.c.obj
                0x08008be4                HAL_TIM_OC_DelayElapsedCallback
 .text.HAL_TIM_IC_CaptureCallback
                0x08008be6        0x2 CMakeFiles/CtrBoard-H7_ALL.elf.dir/Drivers/STM32H7xx_HAL_Driver/Src/stm32h7xx_hal_tim.c.obj
                0x08008be6                HAL_TIM_IC_CaptureCallback
 .text.HAL_TIM_PWM_PulseFinishedCallback
                0x08008be8        0x2 CMakeFiles/CtrBoard-H7_ALL.elf.dir/Drivers/STM32H7xx_HAL_Driver/Src/stm32h7xx_hal_tim.c.obj
                0x08008be8                HAL_TIM_PWM_PulseFinishedCallback
 .text.HAL_TIM_TriggerCallback
                0x08008bea        0x2 CMakeFiles/CtrBoard-H7_ALL.elf.dir/Drivers/STM32H7xx_HAL_Driver/Src/stm32h7xx_hal_tim.c.obj
                0x08008bea                HAL_TIM_TriggerCallback
 .text.HAL_TIM_IRQHandler
                0x08008bec      0x17a CMakeFiles/CtrBoard-H7_ALL.elf.dir/Drivers/STM32H7xx_HAL_Driver/Src/stm32h7xx_hal_tim.c.obj
                0x08008bec                HAL_TIM_IRQHandler
 *fill*         0x08008d66        0x2 
 .text.TIM_Base_SetConfig
                0x08008d68      0x120 CMakeFiles/CtrBoard-H7_ALL.elf.dir/Drivers/STM32H7xx_HAL_Driver/Src/stm32h7xx_hal_tim.c.obj
                0x08008d68                TIM_Base_SetConfig
 .text.HAL_TIM_Base_Init
                0x08008e88       0x60 CMakeFiles/CtrBoard-H7_ALL.elf.dir/Drivers/STM32H7xx_HAL_Driver/Src/stm32h7xx_hal_tim.c.obj
                0x08008e88                HAL_TIM_Base_Init
 .text.HAL_TIM_PWM_Init
                0x08008ee8       0x60 CMakeFiles/CtrBoard-H7_ALL.elf.dir/Drivers/STM32H7xx_HAL_Driver/Src/stm32h7xx_hal_tim.c.obj
                0x08008ee8                HAL_TIM_PWM_Init
 .text.TIM_OC2_SetConfig
                0x08008f48       0x94 CMakeFiles/CtrBoard-H7_ALL.elf.dir/Drivers/STM32H7xx_HAL_Driver/Src/stm32h7xx_hal_tim.c.obj
                0x08008f48                TIM_OC2_SetConfig
 .text.HAL_TIM_PWM_ConfigChannel
                0x08008fdc      0x13a CMakeFiles/CtrBoard-H7_ALL.elf.dir/Drivers/STM32H7xx_HAL_Driver/Src/stm32h7xx_hal_tim.c.obj
                0x08008fdc                HAL_TIM_PWM_ConfigChannel
 .text.TIM_ETR_SetConfig
                0x08009116       0x1a CMakeFiles/CtrBoard-H7_ALL.elf.dir/Drivers/STM32H7xx_HAL_Driver/Src/stm32h7xx_hal_tim.c.obj
                0x08009116                TIM_ETR_SetConfig
 .text.HAL_TIM_ConfigClockSource
                0x08009130      0x138 CMakeFiles/CtrBoard-H7_ALL.elf.dir/Drivers/STM32H7xx_HAL_Driver/Src/stm32h7xx_hal_tim.c.obj
                0x08009130                HAL_TIM_ConfigClockSource
 .text.TIM_CCxChannelCmd
                0x08009268       0x1e CMakeFiles/CtrBoard-H7_ALL.elf.dir/Drivers/STM32H7xx_HAL_Driver/Src/stm32h7xx_hal_tim.c.obj
                0x08009268                TIM_CCxChannelCmd
 *fill*         0x08009286        0x2 
 .text.HAL_TIM_PWM_Start
                0x08009288      0x178 CMakeFiles/CtrBoard-H7_ALL.elf.dir/Drivers/STM32H7xx_HAL_Driver/Src/stm32h7xx_hal_tim.c.obj
                0x08009288                HAL_TIM_PWM_Start
 .text.HAL_TIMEx_MasterConfigSynchronization
                0x08009400       0xb0 CMakeFiles/CtrBoard-H7_ALL.elf.dir/Drivers/STM32H7xx_HAL_Driver/Src/stm32h7xx_hal_tim_ex.c.obj
                0x08009400                HAL_TIMEx_MasterConfigSynchronization
 .text.HAL_TIMEx_CommutCallback
                0x080094b0        0x2 CMakeFiles/CtrBoard-H7_ALL.elf.dir/Drivers/STM32H7xx_HAL_Driver/Src/stm32h7xx_hal_tim_ex.c.obj
                0x080094b0                HAL_TIMEx_CommutCallback
 .text.HAL_TIMEx_BreakCallback
                0x080094b2        0x2 CMakeFiles/CtrBoard-H7_ALL.elf.dir/Drivers/STM32H7xx_HAL_Driver/Src/stm32h7xx_hal_tim_ex.c.obj
                0x080094b2                HAL_TIMEx_BreakCallback
 .text.HAL_TIMEx_Break2Callback
                0x080094b4        0x2 CMakeFiles/CtrBoard-H7_ALL.elf.dir/Drivers/STM32H7xx_HAL_Driver/Src/stm32h7xx_hal_tim_ex.c.obj
                0x080094b4                HAL_TIMEx_Break2Callback
 .text.UART_EndTxTransfer
                0x080094b6       0x32 CMakeFiles/CtrBoard-H7_ALL.elf.dir/Drivers/STM32H7xx_HAL_Driver/Src/stm32h7xx_hal_uart.c.obj
 .text.UART_EndRxTransfer
                0x080094e8       0x58 CMakeFiles/CtrBoard-H7_ALL.elf.dir/Drivers/STM32H7xx_HAL_Driver/Src/stm32h7xx_hal_uart.c.obj
 .text.HAL_UART_Transmit_DMA
                0x08009540       0x9c CMakeFiles/CtrBoard-H7_ALL.elf.dir/Drivers/STM32H7xx_HAL_Driver/Src/stm32h7xx_hal_uart.c.obj
                0x08009540                HAL_UART_Transmit_DMA
 .text.UART_DMATransmitCplt
                0x080095dc       0x46 CMakeFiles/CtrBoard-H7_ALL.elf.dir/Drivers/STM32H7xx_HAL_Driver/Src/stm32h7xx_hal_uart.c.obj
 .text.UART_EndTransmit_IT
                0x08009622       0x24 CMakeFiles/CtrBoard-H7_ALL.elf.dir/Drivers/STM32H7xx_HAL_Driver/Src/stm32h7xx_hal_uart.c.obj
 .text.HAL_UART_TxHalfCpltCallback
                0x08009646        0x2 CMakeFiles/CtrBoard-H7_ALL.elf.dir/Drivers/STM32H7xx_HAL_Driver/Src/stm32h7xx_hal_uart.c.obj
                0x08009646                HAL_UART_TxHalfCpltCallback
 .text.UART_DMATxHalfCplt
                0x08009648        0xa CMakeFiles/CtrBoard-H7_ALL.elf.dir/Drivers/STM32H7xx_HAL_Driver/Src/stm32h7xx_hal_uart.c.obj
 .text.HAL_UART_RxCpltCallback
                0x08009652        0x2 CMakeFiles/CtrBoard-H7_ALL.elf.dir/Drivers/STM32H7xx_HAL_Driver/Src/stm32h7xx_hal_uart.c.obj
                0x08009652                HAL_UART_RxCpltCallback
 .text.HAL_UART_RxHalfCpltCallback
                0x08009654        0x2 CMakeFiles/CtrBoard-H7_ALL.elf.dir/Drivers/STM32H7xx_HAL_Driver/Src/stm32h7xx_hal_uart.c.obj
                0x08009654                HAL_UART_RxHalfCpltCallback
 .text.UART_DMAError
                0x08009656       0x58 CMakeFiles/CtrBoard-H7_ALL.elf.dir/Drivers/STM32H7xx_HAL_Driver/Src/stm32h7xx_hal_uart.c.obj
 .text.UART_DMAAbortOnError
                0x080096ae       0x10 CMakeFiles/CtrBoard-H7_ALL.elf.dir/Drivers/STM32H7xx_HAL_Driver/Src/stm32h7xx_hal_uart.c.obj
 *fill*         0x080096be        0x2 
 .text.HAL_UART_IRQHandler
                0x080096c0      0x3d4 CMakeFiles/CtrBoard-H7_ALL.elf.dir/Drivers/STM32H7xx_HAL_Driver/Src/stm32h7xx_hal_uart.c.obj
                0x080096c0                HAL_UART_IRQHandler
 .text.UART_DMARxHalfCplt
                0x08009a94       0x20 CMakeFiles/CtrBoard-H7_ALL.elf.dir/Drivers/STM32H7xx_HAL_Driver/Src/stm32h7xx_hal_uart.c.obj
 .text.UART_DMAReceiveCplt
                0x08009ab4       0x90 CMakeFiles/CtrBoard-H7_ALL.elf.dir/Drivers/STM32H7xx_HAL_Driver/Src/stm32h7xx_hal_uart.c.obj
 .text.UART_SetConfig
                0x08009b44      0x6bc CMakeFiles/CtrBoard-H7_ALL.elf.dir/Drivers/STM32H7xx_HAL_Driver/Src/stm32h7xx_hal_uart.c.obj
                0x08009b44                UART_SetConfig
 .text.UART_AdvFeatureConfig
                0x0800a200       0xca CMakeFiles/CtrBoard-H7_ALL.elf.dir/Drivers/STM32H7xx_HAL_Driver/Src/stm32h7xx_hal_uart.c.obj
                0x0800a200                UART_AdvFeatureConfig
 .text.UART_WaitOnFlagUntilTimeout
                0x0800a2ca       0xaa CMakeFiles/CtrBoard-H7_ALL.elf.dir/Drivers/STM32H7xx_HAL_Driver/Src/stm32h7xx_hal_uart.c.obj
                0x0800a2ca                UART_WaitOnFlagUntilTimeout
 .text.UART_CheckIdleState
                0x0800a374       0xca CMakeFiles/CtrBoard-H7_ALL.elf.dir/Drivers/STM32H7xx_HAL_Driver/Src/stm32h7xx_hal_uart.c.obj
                0x0800a374                UART_CheckIdleState
 .text.HAL_UART_Init
                0x0800a43e       0x66 CMakeFiles/CtrBoard-H7_ALL.elf.dir/Drivers/STM32H7xx_HAL_Driver/Src/stm32h7xx_hal_uart.c.obj
                0x0800a43e                HAL_UART_Init
 .text.UART_Start_Receive_DMA
                0x0800a4a4       0xb0 CMakeFiles/CtrBoard-H7_ALL.elf.dir/Drivers/STM32H7xx_HAL_Driver/Src/stm32h7xx_hal_uart.c.obj
                0x0800a4a4                UART_Start_Receive_DMA
 .text.UARTEx_SetNbDataToProcess
                0x0800a554       0x4c CMakeFiles/CtrBoard-H7_ALL.elf.dir/Drivers/STM32H7xx_HAL_Driver/Src/stm32h7xx_hal_uart_ex.c.obj
 .text.HAL_RS485Ex_Init
                0x0800a5a0       0x88 CMakeFiles/CtrBoard-H7_ALL.elf.dir/Drivers/STM32H7xx_HAL_Driver/Src/stm32h7xx_hal_uart_ex.c.obj
                0x0800a5a0                HAL_RS485Ex_Init
 .text.HAL_UARTEx_WakeupCallback
                0x0800a628        0x2 CMakeFiles/CtrBoard-H7_ALL.elf.dir/Drivers/STM32H7xx_HAL_Driver/Src/stm32h7xx_hal_uart_ex.c.obj
                0x0800a628                HAL_UARTEx_WakeupCallback
 .text.HAL_UARTEx_RxFifoFullCallback
                0x0800a62a        0x2 CMakeFiles/CtrBoard-H7_ALL.elf.dir/Drivers/STM32H7xx_HAL_Driver/Src/stm32h7xx_hal_uart_ex.c.obj
                0x0800a62a                HAL_UARTEx_RxFifoFullCallback
 .text.HAL_UARTEx_TxFifoEmptyCallback
                0x0800a62c        0x2 CMakeFiles/CtrBoard-H7_ALL.elf.dir/Drivers/STM32H7xx_HAL_Driver/Src/stm32h7xx_hal_uart_ex.c.obj
                0x0800a62c                HAL_UARTEx_TxFifoEmptyCallback
 .text.HAL_UARTEx_DisableFifoMode
                0x0800a62e       0x3e CMakeFiles/CtrBoard-H7_ALL.elf.dir/Drivers/STM32H7xx_HAL_Driver/Src/stm32h7xx_hal_uart_ex.c.obj
                0x0800a62e                HAL_UARTEx_DisableFifoMode
 .text.HAL_UARTEx_SetTxFifoThreshold
                0x0800a66c       0x4a CMakeFiles/CtrBoard-H7_ALL.elf.dir/Drivers/STM32H7xx_HAL_Driver/Src/stm32h7xx_hal_uart_ex.c.obj
                0x0800a66c                HAL_UARTEx_SetTxFifoThreshold
 .text.HAL_UARTEx_SetRxFifoThreshold
                0x0800a6b6       0x4a CMakeFiles/CtrBoard-H7_ALL.elf.dir/Drivers/STM32H7xx_HAL_Driver/Src/stm32h7xx_hal_uart_ex.c.obj
                0x0800a6b6                HAL_UARTEx_SetRxFifoThreshold
 .text.HAL_UARTEx_ReceiveToIdle_DMA
                0x0800a700       0x50 CMakeFiles/CtrBoard-H7_ALL.elf.dir/Drivers/STM32H7xx_HAL_Driver/Src/stm32h7xx_hal_uart_ex.c.obj
                0x0800a700                HAL_UARTEx_ReceiveToIdle_DMA
 .text.USB_CoreReset
                0x0800a750       0x4a CMakeFiles/CtrBoard-H7_ALL.elf.dir/Drivers/STM32H7xx_HAL_Driver/Src/stm32h7xx_ll_usb.c.obj
 *fill*         0x0800a79a        0x2 
 .text.USB_CoreInit
                0x0800a79c       0xa4 CMakeFiles/CtrBoard-H7_ALL.elf.dir/Drivers/STM32H7xx_HAL_Driver/Src/stm32h7xx_ll_usb.c.obj
                0x0800a79c                USB_CoreInit
 .text.USB_SetTurnaroundTime
                0x0800a840       0xe4 CMakeFiles/CtrBoard-H7_ALL.elf.dir/Drivers/STM32H7xx_HAL_Driver/Src/stm32h7xx_ll_usb.c.obj
                0x0800a840                USB_SetTurnaroundTime
 .text.USB_EnableGlobalInt
                0x0800a924        0xc CMakeFiles/CtrBoard-H7_ALL.elf.dir/Drivers/STM32H7xx_HAL_Driver/Src/stm32h7xx_ll_usb.c.obj
                0x0800a924                USB_EnableGlobalInt
 .text.USB_DisableGlobalInt
                0x0800a930        0xc CMakeFiles/CtrBoard-H7_ALL.elf.dir/Drivers/STM32H7xx_HAL_Driver/Src/stm32h7xx_ll_usb.c.obj
                0x0800a930                USB_DisableGlobalInt
 .text.USB_FlushTxFifo
                0x0800a93c       0x4a CMakeFiles/CtrBoard-H7_ALL.elf.dir/Drivers/STM32H7xx_HAL_Driver/Src/stm32h7xx_ll_usb.c.obj
                0x0800a93c                USB_FlushTxFifo
 .text.USB_FlushRxFifo
                0x0800a986       0x46 CMakeFiles/CtrBoard-H7_ALL.elf.dir/Drivers/STM32H7xx_HAL_Driver/Src/stm32h7xx_ll_usb.c.obj
                0x0800a986                USB_FlushRxFifo
 .text.USB_SetDevSpeed
                0x0800a9cc        0xe CMakeFiles/CtrBoard-H7_ALL.elf.dir/Drivers/STM32H7xx_HAL_Driver/Src/stm32h7xx_ll_usb.c.obj
                0x0800a9cc                USB_SetDevSpeed
 *fill*         0x0800a9da        0x2 
 .text.USB_DevInit
                0x0800a9dc      0x18c CMakeFiles/CtrBoard-H7_ALL.elf.dir/Drivers/STM32H7xx_HAL_Driver/Src/stm32h7xx_ll_usb.c.obj
                0x0800a9dc                USB_DevInit
 .text.USB_GetDevSpeed
                0x0800ab68       0x1e CMakeFiles/CtrBoard-H7_ALL.elf.dir/Drivers/STM32H7xx_HAL_Driver/Src/stm32h7xx_ll_usb.c.obj
                0x0800ab68                USB_GetDevSpeed
 *fill*         0x0800ab86        0x2 
 .text.USB_ActivateEndpoint
                0x0800ab88       0x9c CMakeFiles/CtrBoard-H7_ALL.elf.dir/Drivers/STM32H7xx_HAL_Driver/Src/stm32h7xx_ll_usb.c.obj
                0x0800ab88                USB_ActivateEndpoint
 .text.USB_DeactivateEndpoint
                0x0800ac24       0xe0 CMakeFiles/CtrBoard-H7_ALL.elf.dir/Drivers/STM32H7xx_HAL_Driver/Src/stm32h7xx_ll_usb.c.obj
                0x0800ac24                USB_DeactivateEndpoint
 .text.USB_EPStopXfer
                0x0800ad04       0xbe CMakeFiles/CtrBoard-H7_ALL.elf.dir/Drivers/STM32H7xx_HAL_Driver/Src/stm32h7xx_ll_usb.c.obj
                0x0800ad04                USB_EPStopXfer
 .text.USB_WritePacket
                0x0800adc2       0x2e CMakeFiles/CtrBoard-H7_ALL.elf.dir/Drivers/STM32H7xx_HAL_Driver/Src/stm32h7xx_ll_usb.c.obj
                0x0800adc2                USB_WritePacket
 .text.USB_EPStartXfer
                0x0800adf0      0x248 CMakeFiles/CtrBoard-H7_ALL.elf.dir/Drivers/STM32H7xx_HAL_Driver/Src/stm32h7xx_ll_usb.c.obj
                0x0800adf0                USB_EPStartXfer
 .text.USB_ReadPacket
                0x0800b038       0x54 CMakeFiles/CtrBoard-H7_ALL.elf.dir/Drivers/STM32H7xx_HAL_Driver/Src/stm32h7xx_ll_usb.c.obj
                0x0800b038                USB_ReadPacket
 .text.USB_EPSetStall
                0x0800b08c       0x5a CMakeFiles/CtrBoard-H7_ALL.elf.dir/Drivers/STM32H7xx_HAL_Driver/Src/stm32h7xx_ll_usb.c.obj
                0x0800b08c                USB_EPSetStall
 .text.USB_EPClearStall
                0x0800b0e6       0x5c CMakeFiles/CtrBoard-H7_ALL.elf.dir/Drivers/STM32H7xx_HAL_Driver/Src/stm32h7xx_ll_usb.c.obj
                0x0800b0e6                USB_EPClearStall
 .text.USB_SetDevAddress
                0x0800b142       0x20 CMakeFiles/CtrBoard-H7_ALL.elf.dir/Drivers/STM32H7xx_HAL_Driver/Src/stm32h7xx_ll_usb.c.obj
                0x0800b142                USB_SetDevAddress
 .text.USB_DevConnect
                0x0800b162       0x1c CMakeFiles/CtrBoard-H7_ALL.elf.dir/Drivers/STM32H7xx_HAL_Driver/Src/stm32h7xx_ll_usb.c.obj
                0x0800b162                USB_DevConnect
 .text.USB_DevDisconnect
                0x0800b17e       0x1c CMakeFiles/CtrBoard-H7_ALL.elf.dir/Drivers/STM32H7xx_HAL_Driver/Src/stm32h7xx_ll_usb.c.obj
                0x0800b17e                USB_DevDisconnect
 .text.USB_ReadInterrupts
                0x0800b19a        0x8 CMakeFiles/CtrBoard-H7_ALL.elf.dir/Drivers/STM32H7xx_HAL_Driver/Src/stm32h7xx_ll_usb.c.obj
                0x0800b19a                USB_ReadInterrupts
 .text.USB_ReadDevAllOutEpInterrupt
                0x0800b1a2       0x10 CMakeFiles/CtrBoard-H7_ALL.elf.dir/Drivers/STM32H7xx_HAL_Driver/Src/stm32h7xx_ll_usb.c.obj
                0x0800b1a2                USB_ReadDevAllOutEpInterrupt
 .text.USB_ReadDevAllInEpInterrupt
                0x0800b1b2       0x10 CMakeFiles/CtrBoard-H7_ALL.elf.dir/Drivers/STM32H7xx_HAL_Driver/Src/stm32h7xx_ll_usb.c.obj
                0x0800b1b2                USB_ReadDevAllInEpInterrupt
 .text.USB_ReadDevOutEPInterrupt
                0x0800b1c2       0x12 CMakeFiles/CtrBoard-H7_ALL.elf.dir/Drivers/STM32H7xx_HAL_Driver/Src/stm32h7xx_ll_usb.c.obj
                0x0800b1c2                USB_ReadDevOutEPInterrupt
 .text.USB_ReadDevInEPInterrupt
                0x0800b1d4       0x28 CMakeFiles/CtrBoard-H7_ALL.elf.dir/Drivers/STM32H7xx_HAL_Driver/Src/stm32h7xx_ll_usb.c.obj
                0x0800b1d4                USB_ReadDevInEPInterrupt
 .text.USB_GetMode
                0x0800b1fc        0x8 CMakeFiles/CtrBoard-H7_ALL.elf.dir/Drivers/STM32H7xx_HAL_Driver/Src/stm32h7xx_ll_usb.c.obj
                0x0800b1fc                USB_GetMode
 .text.USB_SetCurrentMode
                0x0800b204       0x62 CMakeFiles/CtrBoard-H7_ALL.elf.dir/Drivers/STM32H7xx_HAL_Driver/Src/stm32h7xx_ll_usb.c.obj
                0x0800b204                USB_SetCurrentMode
 *fill*         0x0800b266        0x2 
 .text.USB_ActivateSetup
                0x0800b268       0x20 CMakeFiles/CtrBoard-H7_ALL.elf.dir/Drivers/STM32H7xx_HAL_Driver/Src/stm32h7xx_ll_usb.c.obj
                0x0800b268                USB_ActivateSetup
 .text.USB_EP0_OutStart
                0x0800b288       0x60 CMakeFiles/CtrBoard-H7_ALL.elf.dir/Drivers/STM32H7xx_HAL_Driver/Src/stm32h7xx_ll_usb.c.obj
                0x0800b288                USB_EP0_OutStart
 .text.USBD_CDC_EP0_RxReady
                0x0800b2e8       0x40 CMakeFiles/CtrBoard-H7_ALL.elf.dir/Middlewares/ST/STM32_USB_Device_Library/Class/CDC/Src/usbd_cdc.c.obj
 .text.USBD_CDC_GetDeviceQualifierDescriptor
                0x0800b328        0xc CMakeFiles/CtrBoard-H7_ALL.elf.dir/Middlewares/ST/STM32_USB_Device_Library/Class/CDC/Src/usbd_cdc.c.obj
                0x0800b328                USBD_CDC_GetDeviceQualifierDescriptor
 .text.USBD_CDC_GetOtherSpeedCfgDesc
                0x0800b334       0x48 CMakeFiles/CtrBoard-H7_ALL.elf.dir/Middlewares/ST/STM32_USB_Device_Library/Class/CDC/Src/usbd_cdc.c.obj
 .text.USBD_CDC_GetFSCfgDesc
                0x0800b37c       0x48 CMakeFiles/CtrBoard-H7_ALL.elf.dir/Middlewares/ST/STM32_USB_Device_Library/Class/CDC/Src/usbd_cdc.c.obj
 .text.USBD_CDC_GetHSCfgDesc
                0x0800b3c4       0x48 CMakeFiles/CtrBoard-H7_ALL.elf.dir/Middlewares/ST/STM32_USB_Device_Library/Class/CDC/Src/usbd_cdc.c.obj
 .text.USBD_CDC_DataOut
                0x0800b40c       0x38 CMakeFiles/CtrBoard-H7_ALL.elf.dir/Middlewares/ST/STM32_USB_Device_Library/Class/CDC/Src/usbd_cdc.c.obj
 .text.USBD_CDC_DataIn
                0x0800b444       0x7c CMakeFiles/CtrBoard-H7_ALL.elf.dir/Middlewares/ST/STM32_USB_Device_Library/Class/CDC/Src/usbd_cdc.c.obj
 .text.USBD_CDC_Setup
                0x0800b4c0      0x11a CMakeFiles/CtrBoard-H7_ALL.elf.dir/Middlewares/ST/STM32_USB_Device_Library/Class/CDC/Src/usbd_cdc.c.obj
 .text.USBD_CDC_DeInit
                0x0800b5da       0x64 CMakeFiles/CtrBoard-H7_ALL.elf.dir/Middlewares/ST/STM32_USB_Device_Library/Class/CDC/Src/usbd_cdc.c.obj
 .text.USBD_CDC_Init
                0x0800b63e       0xee CMakeFiles/CtrBoard-H7_ALL.elf.dir/Middlewares/ST/STM32_USB_Device_Library/Class/CDC/Src/usbd_cdc.c.obj
 .text.USBD_CDC_RegisterInterface
                0x0800b72c       0x16 CMakeFiles/CtrBoard-H7_ALL.elf.dir/Middlewares/ST/STM32_USB_Device_Library/Class/CDC/Src/usbd_cdc.c.obj
                0x0800b72c                USBD_CDC_RegisterInterface
 .text.USBD_CDC_SetTxBuffer
                0x0800b742       0x1c CMakeFiles/CtrBoard-H7_ALL.elf.dir/Middlewares/ST/STM32_USB_Device_Library/Class/CDC/Src/usbd_cdc.c.obj
                0x0800b742                USBD_CDC_SetTxBuffer
 .text.USBD_CDC_SetRxBuffer
                0x0800b75e       0x18 CMakeFiles/CtrBoard-H7_ALL.elf.dir/Middlewares/ST/STM32_USB_Device_Library/Class/CDC/Src/usbd_cdc.c.obj
                0x0800b75e                USBD_CDC_SetRxBuffer
 .text.USBD_CDC_TransmitPacket
                0x0800b776       0x3a CMakeFiles/CtrBoard-H7_ALL.elf.dir/Middlewares/ST/STM32_USB_Device_Library/Class/CDC/Src/usbd_cdc.c.obj
                0x0800b776                USBD_CDC_TransmitPacket
 .text.USBD_CDC_ReceivePacket
                0x0800b7b0       0x38 CMakeFiles/CtrBoard-H7_ALL.elf.dir/Middlewares/ST/STM32_USB_Device_Library/Class/CDC/Src/usbd_cdc.c.obj
                0x0800b7b0                USBD_CDC_ReceivePacket
 .text.USBD_Init
                0x0800b7e8       0x2e CMakeFiles/CtrBoard-H7_ALL.elf.dir/Middlewares/ST/STM32_USB_Device_Library/Core/Src/usbd_core.c.obj
                0x0800b7e8                USBD_Init
 .text.USBD_RegisterClass
                0x0800b816       0x34 CMakeFiles/CtrBoard-H7_ALL.elf.dir/Middlewares/ST/STM32_USB_Device_Library/Core/Src/usbd_core.c.obj
                0x0800b816                USBD_RegisterClass
 .text.USBD_Start
                0x0800b84a        0x8 CMakeFiles/CtrBoard-H7_ALL.elf.dir/Middlewares/ST/STM32_USB_Device_Library/Core/Src/usbd_core.c.obj
                0x0800b84a                USBD_Start
 .text.USBD_SetClassConfig
                0x0800b852       0x12 CMakeFiles/CtrBoard-H7_ALL.elf.dir/Middlewares/ST/STM32_USB_Device_Library/Core/Src/usbd_core.c.obj
                0x0800b852                USBD_SetClassConfig
 .text.USBD_ClrClassConfig
                0x0800b864       0x12 CMakeFiles/CtrBoard-H7_ALL.elf.dir/Middlewares/ST/STM32_USB_Device_Library/Core/Src/usbd_core.c.obj
                0x0800b864                USBD_ClrClassConfig
 .text.USBD_LL_SetupStage
                0x0800b876       0x58 CMakeFiles/CtrBoard-H7_ALL.elf.dir/Middlewares/ST/STM32_USB_Device_Library/Core/Src/usbd_core.c.obj
                0x0800b876                USBD_LL_SetupStage
 .text.USBD_LL_Reset
                0x0800b8ce       0x64 CMakeFiles/CtrBoard-H7_ALL.elf.dir/Middlewares/ST/STM32_USB_Device_Library/Core/Src/usbd_core.c.obj
                0x0800b8ce                USBD_LL_Reset
 .text.USBD_LL_SetSpeed
                0x0800b932        0x6 CMakeFiles/CtrBoard-H7_ALL.elf.dir/Middlewares/ST/STM32_USB_Device_Library/Core/Src/usbd_core.c.obj
                0x0800b932                USBD_LL_SetSpeed
 .text.USBD_LL_Suspend
                0x0800b938       0x1e CMakeFiles/CtrBoard-H7_ALL.elf.dir/Middlewares/ST/STM32_USB_Device_Library/Core/Src/usbd_core.c.obj
                0x0800b938                USBD_LL_Suspend
 .text.USBD_LL_Resume
                0x0800b956       0x1a CMakeFiles/CtrBoard-H7_ALL.elf.dir/Middlewares/ST/STM32_USB_Device_Library/Core/Src/usbd_core.c.obj
                0x0800b956                USBD_LL_Resume
 .text.USBD_LL_SOF
                0x0800b970       0x22 CMakeFiles/CtrBoard-H7_ALL.elf.dir/Middlewares/ST/STM32_USB_Device_Library/Core/Src/usbd_core.c.obj
                0x0800b970                USBD_LL_SOF
 .text.USBD_LL_IsoINIncomplete
                0x0800b992       0x2e CMakeFiles/CtrBoard-H7_ALL.elf.dir/Middlewares/ST/STM32_USB_Device_Library/Core/Src/usbd_core.c.obj
                0x0800b992                USBD_LL_IsoINIncomplete
 .text.USBD_LL_IsoOUTIncomplete
                0x0800b9c0       0x2e CMakeFiles/CtrBoard-H7_ALL.elf.dir/Middlewares/ST/STM32_USB_Device_Library/Core/Src/usbd_core.c.obj
                0x0800b9c0                USBD_LL_IsoOUTIncomplete
 .text.USBD_LL_DevConnected
                0x0800b9ee        0x4 CMakeFiles/CtrBoard-H7_ALL.elf.dir/Middlewares/ST/STM32_USB_Device_Library/Core/Src/usbd_core.c.obj
                0x0800b9ee                USBD_LL_DevConnected
 .text.USBD_LL_DevDisconnected
                0x0800b9f2       0x20 CMakeFiles/CtrBoard-H7_ALL.elf.dir/Middlewares/ST/STM32_USB_Device_Library/Core/Src/usbd_core.c.obj
                0x0800b9f2                USBD_LL_DevDisconnected
 .text.USBD_CoreFindIF
                0x0800ba12        0x4 CMakeFiles/CtrBoard-H7_ALL.elf.dir/Middlewares/ST/STM32_USB_Device_Library/Core/Src/usbd_core.c.obj
                0x0800ba12                USBD_CoreFindIF
 .text.USBD_CoreFindEP
                0x0800ba16        0x4 CMakeFiles/CtrBoard-H7_ALL.elf.dir/Middlewares/ST/STM32_USB_Device_Library/Core/Src/usbd_core.c.obj
                0x0800ba16                USBD_CoreFindEP
 .text.USBD_LL_DataOutStage
                0x0800ba1a       0xc6 CMakeFiles/CtrBoard-H7_ALL.elf.dir/Middlewares/ST/STM32_USB_Device_Library/Core/Src/usbd_core.c.obj
                0x0800ba1a                USBD_LL_DataOutStage
 .text.USBD_LL_DataInStage
                0x0800bae0       0xd6 CMakeFiles/CtrBoard-H7_ALL.elf.dir/Middlewares/ST/STM32_USB_Device_Library/Core/Src/usbd_core.c.obj
                0x0800bae0                USBD_LL_DataInStage
 .text.USBD_GetNextDesc
                0x0800bbb6        0xe CMakeFiles/CtrBoard-H7_ALL.elf.dir/Middlewares/ST/STM32_USB_Device_Library/Core/Src/usbd_core.c.obj
                0x0800bbb6                USBD_GetNextDesc
 .text.USBD_GetEpDesc
                0x0800bbc4       0x3e CMakeFiles/CtrBoard-H7_ALL.elf.dir/Middlewares/ST/STM32_USB_Device_Library/Core/Src/usbd_core.c.obj
                0x0800bbc4                USBD_GetEpDesc
 .text.USBD_GetLen
                0x0800bc02       0x14 CMakeFiles/CtrBoard-H7_ALL.elf.dir/Middlewares/ST/STM32_USB_Device_Library/Core/Src/usbd_ctlreq.c.obj
 .text.USBD_ParseSetupRequest
                0x0800bc16       0x28 CMakeFiles/CtrBoard-H7_ALL.elf.dir/Middlewares/ST/STM32_USB_Device_Library/Core/Src/usbd_ctlreq.c.obj
                0x0800bc16                USBD_ParseSetupRequest
 .text.USBD_CtlError
                0x0800bc3e       0x14 CMakeFiles/CtrBoard-H7_ALL.elf.dir/Middlewares/ST/STM32_USB_Device_Library/Core/Src/usbd_ctlreq.c.obj
                0x0800bc3e                USBD_CtlError
 .text.USBD_GetDescriptor
                0x0800bc52      0x1ac CMakeFiles/CtrBoard-H7_ALL.elf.dir/Middlewares/ST/STM32_USB_Device_Library/Core/Src/usbd_ctlreq.c.obj
 .text.USBD_SetAddress
                0x0800bdfe       0x50 CMakeFiles/CtrBoard-H7_ALL.elf.dir/Middlewares/ST/STM32_USB_Device_Library/Core/Src/usbd_ctlreq.c.obj
 *fill*         0x0800be4e        0x2 
 .text.USBD_SetConfig
                0x0800be50       0xcc CMakeFiles/CtrBoard-H7_ALL.elf.dir/Middlewares/ST/STM32_USB_Device_Library/Core/Src/usbd_ctlreq.c.obj
 .text.USBD_GetConfig
                0x0800bf1c       0x40 CMakeFiles/CtrBoard-H7_ALL.elf.dir/Middlewares/ST/STM32_USB_Device_Library/Core/Src/usbd_ctlreq.c.obj
 .text.USBD_GetStatus
                0x0800bf5c       0x38 CMakeFiles/CtrBoard-H7_ALL.elf.dir/Middlewares/ST/STM32_USB_Device_Library/Core/Src/usbd_ctlreq.c.obj
 .text.USBD_SetFeature
                0x0800bf94       0x2a CMakeFiles/CtrBoard-H7_ALL.elf.dir/Middlewares/ST/STM32_USB_Device_Library/Core/Src/usbd_ctlreq.c.obj
 .text.USBD_ClrFeature
                0x0800bfbe       0x26 CMakeFiles/CtrBoard-H7_ALL.elf.dir/Middlewares/ST/STM32_USB_Device_Library/Core/Src/usbd_ctlreq.c.obj
 .text.USBD_StdDevReq
                0x0800bfe4       0x76 CMakeFiles/CtrBoard-H7_ALL.elf.dir/Middlewares/ST/STM32_USB_Device_Library/Core/Src/usbd_ctlreq.c.obj
                0x0800bfe4                USBD_StdDevReq
 .text.USBD_StdItfReq
                0x0800c05a       0x84 CMakeFiles/CtrBoard-H7_ALL.elf.dir/Middlewares/ST/STM32_USB_Device_Library/Core/Src/usbd_ctlreq.c.obj
                0x0800c05a                USBD_StdItfReq
 .text.USBD_StdEPReq
                0x0800c0de      0x232 CMakeFiles/CtrBoard-H7_ALL.elf.dir/Middlewares/ST/STM32_USB_Device_Library/Core/Src/usbd_ctlreq.c.obj
                0x0800c0de                USBD_StdEPReq
 .text.USBD_GetString
                0x0800c310       0x46 CMakeFiles/CtrBoard-H7_ALL.elf.dir/Middlewares/ST/STM32_USB_Device_Library/Core/Src/usbd_ctlreq.c.obj
                0x0800c310                USBD_GetString
 .text.USBD_CtlSendData
                0x0800c356       0x1a CMakeFiles/CtrBoard-H7_ALL.elf.dir/Middlewares/ST/STM32_USB_Device_Library/Core/Src/usbd_ioreq.c.obj
                0x0800c356                USBD_CtlSendData
 .text.USBD_CtlContinueSendData
                0x0800c370       0x10 CMakeFiles/CtrBoard-H7_ALL.elf.dir/Middlewares/ST/STM32_USB_Device_Library/Core/Src/usbd_ioreq.c.obj
                0x0800c370                USBD_CtlContinueSendData
 .text.USBD_CtlPrepareRx
                0x0800c380       0x1e CMakeFiles/CtrBoard-H7_ALL.elf.dir/Middlewares/ST/STM32_USB_Device_Library/Core/Src/usbd_ioreq.c.obj
                0x0800c380                USBD_CtlPrepareRx
 .text.USBD_CtlContinueRx
                0x0800c39e       0x10 CMakeFiles/CtrBoard-H7_ALL.elf.dir/Middlewares/ST/STM32_USB_Device_Library/Core/Src/usbd_ioreq.c.obj
                0x0800c39e                USBD_CtlContinueRx
 .text.USBD_CtlSendStatus
                0x0800c3ae       0x16 CMakeFiles/CtrBoard-H7_ALL.elf.dir/Middlewares/ST/STM32_USB_Device_Library/Core/Src/usbd_ioreq.c.obj
                0x0800c3ae                USBD_CtlSendStatus
 .text.USBD_CtlReceiveStatus
                0x0800c3c4       0x16 CMakeFiles/CtrBoard-H7_ALL.elf.dir/Middlewares/ST/STM32_USB_Device_Library/Core/Src/usbd_ioreq.c.obj
                0x0800c3c4                USBD_CtlReceiveStatus
 .text.makeFreeRtosPriority
                0x0800c3da        0xc CMakeFiles/CtrBoard-H7_ALL.elf.dir/Middlewares/Third_Party/FreeRTOS/Source/CMSIS_RTOS/cmsis_os.c.obj
 .text.inHandlerMode
                0x0800c3e6        0xc CMakeFiles/CtrBoard-H7_ALL.elf.dir/Middlewares/Third_Party/FreeRTOS/Source/CMSIS_RTOS/cmsis_os.c.obj
 .text.osKernelStart
                0x0800c3f2        0xa CMakeFiles/CtrBoard-H7_ALL.elf.dir/Middlewares/Third_Party/FreeRTOS/Source/CMSIS_RTOS/cmsis_os.c.obj
                0x0800c3f2                osKernelStart
 .text.osKernelSysTick
                0x0800c3fc       0x14 CMakeFiles/CtrBoard-H7_ALL.elf.dir/Middlewares/Third_Party/FreeRTOS/Source/CMSIS_RTOS/cmsis_os.c.obj
                0x0800c3fc                osKernelSysTick
 .text.osThreadCreate
                0x0800c410       0x6a CMakeFiles/CtrBoard-H7_ALL.elf.dir/Middlewares/Third_Party/FreeRTOS/Source/CMSIS_RTOS/cmsis_os.c.obj
                0x0800c410                osThreadCreate
 .text.osDelay  0x0800c47a        0xe CMakeFiles/CtrBoard-H7_ALL.elf.dir/Middlewares/Third_Party/FreeRTOS/Source/CMSIS_RTOS/cmsis_os.c.obj
                0x0800c47a                osDelay
 .text.osMutexCreate
                0x0800c488       0x16 CMakeFiles/CtrBoard-H7_ALL.elf.dir/Middlewares/Third_Party/FreeRTOS/Source/CMSIS_RTOS/cmsis_os.c.obj
                0x0800c488                osMutexCreate
 .text.osSemaphoreCreate
                0x0800c49e       0x58 CMakeFiles/CtrBoard-H7_ALL.elf.dir/Middlewares/Third_Party/FreeRTOS/Source/CMSIS_RTOS/cmsis_os.c.obj
                0x0800c49e                osSemaphoreCreate
 .text.osSemaphoreWait
                0x0800c4f6       0x5e CMakeFiles/CtrBoard-H7_ALL.elf.dir/Middlewares/Third_Party/FreeRTOS/Source/CMSIS_RTOS/cmsis_os.c.obj
                0x0800c4f6                osSemaphoreWait
 .text.osSemaphoreRelease
                0x0800c554       0x5a CMakeFiles/CtrBoard-H7_ALL.elf.dir/Middlewares/Third_Party/FreeRTOS/Source/CMSIS_RTOS/cmsis_os.c.obj
                0x0800c554                osSemaphoreRelease
 .text.vListInitialise
                0x0800c5ae       0x16 CMakeFiles/CtrBoard-H7_ALL.elf.dir/Middlewares/Third_Party/FreeRTOS/Source/list.c.obj
                0x0800c5ae                vListInitialise
 .text.vListInitialiseItem
                0x0800c5c4        0x6 CMakeFiles/CtrBoard-H7_ALL.elf.dir/Middlewares/Third_Party/FreeRTOS/Source/list.c.obj
                0x0800c5c4                vListInitialiseItem
 .text.vListInsertEnd
                0x0800c5ca       0x16 CMakeFiles/CtrBoard-H7_ALL.elf.dir/Middlewares/Third_Party/FreeRTOS/Source/list.c.obj
                0x0800c5ca                vListInsertEnd
 .text.vListInsert
                0x0800c5e0       0x32 CMakeFiles/CtrBoard-H7_ALL.elf.dir/Middlewares/Third_Party/FreeRTOS/Source/list.c.obj
                0x0800c5e0                vListInsert
 .text.uxListRemove
                0x0800c612       0x26 CMakeFiles/CtrBoard-H7_ALL.elf.dir/Middlewares/Third_Party/FreeRTOS/Source/list.c.obj
                0x0800c612                uxListRemove
 .text.prvTaskExitError
                0x0800c638       0x40 CMakeFiles/CtrBoard-H7_ALL.elf.dir/Middlewares/Third_Party/FreeRTOS/Source/portable/GCC/ARM_CM4F/port.c.obj
 .text.prvPortStartFirstTask
                0x0800c678       0x28 CMakeFiles/CtrBoard-H7_ALL.elf.dir/Middlewares/Third_Party/FreeRTOS/Source/portable/GCC/ARM_CM4F/port.c.obj
 .text.vPortEnableVFP
                0x0800c6a0       0x14 CMakeFiles/CtrBoard-H7_ALL.elf.dir/Middlewares/Third_Party/FreeRTOS/Source/portable/GCC/ARM_CM4F/port.c.obj
 .text.pxPortInitialiseStack
                0x0800c6b4       0x2c CMakeFiles/CtrBoard-H7_ALL.elf.dir/Middlewares/Third_Party/FreeRTOS/Source/portable/GCC/ARM_CM4F/port.c.obj
                0x0800c6b4                pxPortInitialiseStack
 .text.SVC_Handler
                0x0800c6e0       0x24 CMakeFiles/CtrBoard-H7_ALL.elf.dir/Middlewares/Third_Party/FreeRTOS/Source/portable/GCC/ARM_CM4F/port.c.obj
                0x0800c6e0                SVC_Handler
 .text.vPortEnterCritical
                0x0800c704       0x44 CMakeFiles/CtrBoard-H7_ALL.elf.dir/Middlewares/Third_Party/FreeRTOS/Source/portable/GCC/ARM_CM4F/port.c.obj
                0x0800c704                vPortEnterCritical
 .text.vPortExitCritical
                0x0800c748       0x2c CMakeFiles/CtrBoard-H7_ALL.elf.dir/Middlewares/Third_Party/FreeRTOS/Source/portable/GCC/ARM_CM4F/port.c.obj
                0x0800c748                vPortExitCritical
 *fill*         0x0800c774        0xc 
 .text.PendSV_Handler
                0x0800c780       0x64 CMakeFiles/CtrBoard-H7_ALL.elf.dir/Middlewares/Third_Party/FreeRTOS/Source/portable/GCC/ARM_CM4F/port.c.obj
                0x0800c780                PendSV_Handler
 .text.SysTick_Handler
                0x0800c7e4       0x2c CMakeFiles/CtrBoard-H7_ALL.elf.dir/Middlewares/Third_Party/FreeRTOS/Source/portable/GCC/ARM_CM4F/port.c.obj
                0x0800c7e4                SysTick_Handler
 .text.vPortSetupTimerInterrupt
                0x0800c810       0x28 CMakeFiles/CtrBoard-H7_ALL.elf.dir/Middlewares/Third_Party/FreeRTOS/Source/portable/GCC/ARM_CM4F/port.c.obj
                0x0800c810                vPortSetupTimerInterrupt
 .text.xPortStartScheduler
                0x0800c838      0x118 CMakeFiles/CtrBoard-H7_ALL.elf.dir/Middlewares/Third_Party/FreeRTOS/Source/portable/GCC/ARM_CM4F/port.c.obj
                0x0800c838                xPortStartScheduler
 .text.vPortValidateInterruptPriority
                0x0800c950       0x5c CMakeFiles/CtrBoard-H7_ALL.elf.dir/Middlewares/Third_Party/FreeRTOS/Source/portable/GCC/ARM_CM4F/port.c.obj
                0x0800c950                vPortValidateInterruptPriority
 .text.prvHeapInit
                0x0800c9ac       0x68 CMakeFiles/CtrBoard-H7_ALL.elf.dir/Middlewares/Third_Party/FreeRTOS/Source/portable/MemMang/heap_4.c.obj
 .text.prvInsertBlockIntoFreeList
                0x0800ca14       0x64 CMakeFiles/CtrBoard-H7_ALL.elf.dir/Middlewares/Third_Party/FreeRTOS/Source/portable/MemMang/heap_4.c.obj
 .text.pvPortMalloc
                0x0800ca78       0xfc CMakeFiles/CtrBoard-H7_ALL.elf.dir/Middlewares/Third_Party/FreeRTOS/Source/portable/MemMang/heap_4.c.obj
                0x0800ca78                pvPortMalloc
 .text.vPortFree
                0x0800cb74       0x7c CMakeFiles/CtrBoard-H7_ALL.elf.dir/Middlewares/Third_Party/FreeRTOS/Source/portable/MemMang/heap_4.c.obj
                0x0800cb74                vPortFree
 .text.prvGetDisinheritPriorityAfterTimeout
                0x0800cbf0       0x10 CMakeFiles/CtrBoard-H7_ALL.elf.dir/Middlewares/Third_Party/FreeRTOS/Source/queue.c.obj
 .text.prvIsQueueFull
                0x0800cc00       0x1e CMakeFiles/CtrBoard-H7_ALL.elf.dir/Middlewares/Third_Party/FreeRTOS/Source/queue.c.obj
 .text.prvIsQueueEmpty
                0x0800cc1e       0x1a CMakeFiles/CtrBoard-H7_ALL.elf.dir/Middlewares/Third_Party/FreeRTOS/Source/queue.c.obj
 .text.prvCopyDataToQueue
                0x0800cc38       0x76 CMakeFiles/CtrBoard-H7_ALL.elf.dir/Middlewares/Third_Party/FreeRTOS/Source/queue.c.obj
 .text.prvNotifyQueueSetContainer
                0x0800ccae       0x7c CMakeFiles/CtrBoard-H7_ALL.elf.dir/Middlewares/Third_Party/FreeRTOS/Source/queue.c.obj
 .text.prvCopyDataFromQueue
                0x0800cd2a       0x24 CMakeFiles/CtrBoard-H7_ALL.elf.dir/Middlewares/Third_Party/FreeRTOS/Source/queue.c.obj
 .text.prvUnlockQueue
                0x0800cd4e       0x82 CMakeFiles/CtrBoard-H7_ALL.elf.dir/Middlewares/Third_Party/FreeRTOS/Source/queue.c.obj
 .text.xQueueGenericReset
                0x0800cdd0       0x84 CMakeFiles/CtrBoard-H7_ALL.elf.dir/Middlewares/Third_Party/FreeRTOS/Source/queue.c.obj
                0x0800cdd0                xQueueGenericReset
 .text.prvInitialiseNewQueue
                0x0800ce54       0x26 CMakeFiles/CtrBoard-H7_ALL.elf.dir/Middlewares/Third_Party/FreeRTOS/Source/queue.c.obj
 .text.xQueueGenericCreateStatic
                0x0800ce7a       0xa6 CMakeFiles/CtrBoard-H7_ALL.elf.dir/Middlewares/Third_Party/FreeRTOS/Source/queue.c.obj
                0x0800ce7a                xQueueGenericCreateStatic
 .text.xQueueGenericCreate
                0x0800cf20       0x48 CMakeFiles/CtrBoard-H7_ALL.elf.dir/Middlewares/Third_Party/FreeRTOS/Source/queue.c.obj
                0x0800cf20                xQueueGenericCreate
 .text.xQueueCreateCountingSemaphoreStatic
                0x0800cf68       0x46 CMakeFiles/CtrBoard-H7_ALL.elf.dir/Middlewares/Third_Party/FreeRTOS/Source/queue.c.obj
                0x0800cf68                xQueueCreateCountingSemaphoreStatic
 .text.xQueueCreateCountingSemaphore
                0x0800cfae       0x3c CMakeFiles/CtrBoard-H7_ALL.elf.dir/Middlewares/Third_Party/FreeRTOS/Source/queue.c.obj
                0x0800cfae                xQueueCreateCountingSemaphore
 .text.xQueueGenericSend
                0x0800cfea      0x1c2 CMakeFiles/CtrBoard-H7_ALL.elf.dir/Middlewares/Third_Party/FreeRTOS/Source/queue.c.obj
                0x0800cfea                xQueueGenericSend
 .text.prvInitialiseMutex